Component: ARM Compiler 5.06 update 4 (build 422) Tool: armlink [4d35d2]

==============================================================================

Section Cross References

    main.o(i.HAL_GetTick) refers to rt_time.o(.data) for os_time
    main.o(i.SystemClock_Config) refers to stm32f4xx_hal_rcc.o(i.HAL_RCC_OscConfig) for HAL_RCC_OscConfig
    main.o(i.SystemClock_Config) refers to main.o(i.Error_Handler) for Error_Handler
    main.o(i.SystemClock_Config) refers to stm32f4xx_hal_rcc.o(i.HAL_RCC_ClockConfig) for HAL_RCC_ClockConfig
    main.o(i.SystemClock_Config) refers to stm32f4xx_hal.o(i.HAL_GetREVID) for HAL_GetREVID
    main.o(i.main) refers to rt_cmsis.o(i.osKernelInitialize) for osKernelInitialize
    main.o(i.main) refers to stm32f4xx_hal.o(i.HAL_Init) for HAL_Init
    main.o(i.main) refers to main.o(i.SystemClock_Config) for SystemClock_Config
    main.o(i.main) refers to thread.o(i.Init_Thread) for Init_Thread
    main.o(i.main) refers to rt_cmsis.o(i.osKernelStart) for osKernelStart
    thread.o(i.BSP_AUDIO_OUT_TransferComplete_CallBack) refers to rt_cmsis.o(i.osMessageGet) for osMessageGet
    thread.o(i.BSP_AUDIO_OUT_TransferComplete_CallBack) refers to rt_cmsis.o(i.osSemaphoreRelease) for osSemaphoreRelease
    thread.o(i.BSP_AUDIO_OUT_TransferComplete_CallBack) refers to stm32f4_discovery_audio.o(i.BSP_AUDIO_OUT_ChangeBuffer) for BSP_AUDIO_OUT_ChangeBuffer
    thread.o(i.BSP_AUDIO_OUT_TransferComplete_CallBack) refers to thread.o(.data) for mid_DACQueue
    thread.o(i.BSP_AUDIO_OUT_TransferComplete_CallBack) refers to thread.o(.bss) for Audio_Buffer1
    thread.o(i.ControlThread) refers to rt_cmsis.o(i.osMessageGet) for osMessageGet
    thread.o(i.ControlThread) refers to thread.o(i.Process_Event) for Process_Event
    thread.o(i.ControlThread) refers to rt_cmsis.o(i.osMessagePut) for osMessagePut
    thread.o(i.ControlThread) refers to thread.o(.data) for mid_CMDQueue
    thread.o(i.FSThread) refers to usbh_lib_core.o(i.USBH_Initialize) for USBH_Initialize
    thread.o(i.FSThread) refers to stm32f4_discovery_audio.o(i.BSP_AUDIO_OUT_Init) for BSP_AUDIO_OUT_Init
    thread.o(i.FSThread) refers to usbh_lib_core.o(i.USBH_Device_GetStatus) for USBH_Device_GetStatus
    thread.o(i.FSThread) refers to fs_mapi.o(i.finit) for finit
    thread.o(i.FSThread) refers to fs_mapi.o(i.fmount) for fmount
    thread.o(i.FSThread) refers to rt_cmsis.o(i.osMessageGet) for osMessageGet
    thread.o(i.FSThread) refers to uart_driver.o(i.UART_send) for UART_send
    thread.o(i.FSThread) refers to strlen.o(.text) for strlen
    thread.o(i.FSThread) refers to fs_mapi.o(i.ffind) for ffind
    thread.o(i.FSThread) refers to fopen_locked.o(.text) for fopen
    thread.o(i.FSThread) refers to freadfast_locked.o(.text) for fread
    thread.o(i.FSThread) refers to stm32f4_discovery_audio.o(i.BSP_AUDIO_OUT_SetMute) for BSP_AUDIO_OUT_SetMute
    thread.o(i.FSThread) refers to stm32f4_discovery_audio.o(i.BSP_AUDIO_OUT_Play) for BSP_AUDIO_OUT_Play
    thread.o(i.FSThread) refers to rt_cmsis.o(i.osMessagePut) for osMessagePut
    thread.o(i.FSThread) refers to rt_cmsis.o(i.osSemaphoreWait) for osSemaphoreWait
    thread.o(i.FSThread) refers to fclose_locked.o(.text) for fclose
    thread.o(i.FSThread) refers to stm32f4_discovery_audio.o(i.BSP_AUDIO_OUT_Resume) for BSP_AUDIO_OUT_Resume
    thread.o(i.FSThread) refers to thread.o(.data) for rtrn
    thread.o(i.FSThread) refers to thread.o(.bss) for filename
    thread.o(i.Init_Thread) refers to led_f4discovery.o(i.LED_Initialize) for LED_Initialize
    thread.o(i.Init_Thread) refers to uart_driver.o(i.UART_Init) for UART_Init
    thread.o(i.Init_Thread) refers to rt_cmsis.o(i.osSemaphoreCreate) for osSemaphoreCreate
    thread.o(i.Init_Thread) refers to rt_cmsis.o(i.osMessageCreate) for osMessageCreate
    thread.o(i.Init_Thread) refers to rt_cmsis.o(i.osThreadCreate) for osThreadCreate
    thread.o(i.Init_Thread) refers to thread.o(.constdata) for os_semaphore_def_Sem_filename
    thread.o(i.Init_Thread) refers to thread.o(.data) for Sem_filename_id
    thread.o(i.Process_Event) refers to thread.o(.data) for Current_State
    thread.o(i.Rx_Command_Thread) refers to uart_driver.o(i.UART_receive) for UART_receive
    thread.o(i.Rx_Command_Thread) refers to strcmpv7m.o(.text) for strcmp
    thread.o(i.Rx_Command_Thread) refers to led_f4discovery.o(i.LED_Off) for LED_Off
    thread.o(i.Rx_Command_Thread) refers to led_f4discovery.o(i.LED_On) for LED_On
    thread.o(i.Rx_Command_Thread) refers to rt_cmsis.o(i.osSemaphoreWait) for osSemaphoreWait
    thread.o(i.Rx_Command_Thread) refers to uart_driver.o(i.UART_receivestring) for UART_receivestring
    thread.o(i.Rx_Command_Thread) refers to rt_cmsis.o(i.osSemaphoreRelease) for osSemaphoreRelease
    thread.o(i.Rx_Command_Thread) refers to rt_cmsis.o(i.osMessagePut) for osMessagePut
    thread.o(i.Rx_Command_Thread) refers to thread.o(.data) for Sem_filename_id
[...]
    usbh0_mem_pool_reloc                     0x0800edbd   Data           1  usbh_config_0.o(.constdata)
    usbh0_mem_pool_size                      0x0800edc0   Data           4  usbh_config_0.o(.constdata)
    usbh0_hc                                 0x0800edc4   Data           2  usbh_config_0.o(.constdata)
    os_thread_def_USBH0_Core_Thread          0x0800edc8   Data          16  usbh_config_0.o(.constdata)
    usbh_hc_num                              0x0800edd8   Data           1  usbh_config_0.o(.constdata)
    usbh_hc_msk                              0x0800edd9   Data           1  usbh_config_0.o(.constdata)
    usbh_dcd_num                             0x0800edda   Data           1  usbh_config_0.o(.constdata)
    usbh_dev_num                             0x0800eddb   Data           1  usbh_config_0.o(.constdata)
    usbh_msc_num                             0x0800eddc   Data           1  usbh_config_0.o(.constdata)
    usbh_hid_num                             0x0800eddd   Data           1  usbh_config_0.o(.constdata)
    usbh_cdc_num                             0x0800edde   Data           1  usbh_config_0.o(.constdata)
    usbh_cls_num                             0x0800eddf   Data           1  usbh_config_0.o(.constdata)
    usbh_hcd_ptr                             0x0800ede0   Data           4  usbh_config_0.o(.constdata)
    usbh_hci_hcd_ptr                         0x0800ede4   Data           4  usbh_config_0.o(.constdata)
    usbh_hc_ptr                              0x0800ede8   Data           4  usbh_config_0.o(.constdata)
    usbh_ohci_ptr                            0x0800edec   Data           4  usbh_config_0.o(.constdata)
    usbh_ehci_ptr                            0x0800edf0   Data           4  usbh_config_0.o(.constdata)
    usbh_power_ptr                           0x0800edf4   Data           4  usbh_config_0.o(.constdata)
    usbh_mem_pool_reloc_ptr                  0x0800edf8   Data           4  usbh_config_0.o(.constdata)
    usbh_mem_pool_ptr                        0x0800edfc   Data           4  usbh_config_0.o(.constdata)
    usbh_mem_pool_size_ptr                   0x0800ee00   Data           4  usbh_config_0.o(.constdata)
    usbh_pipe_tid_ptr                        0x0800ee04   Data           4  usbh_config_0.o(.constdata)
    usbh_pipe_ptr                            0x0800ee08   Data           4  usbh_config_0.o(.constdata)
    usbh_pipe_num_ptr                        0x0800ee0c   Data           4  usbh_config_0.o(.constdata)
    usbh_transfer_num_ptr                    0x0800ee10   Data           4  usbh_config_0.o(.constdata)
    usbh_core_thread_def_ptr                 0x0800ee14   Data           4  usbh_config_0.o(.constdata)
    usbh_debounce_in_ms                      0x0800ee18   Data           2  usbh_config_0.o(.constdata)
    os_semaphore_def_usbh0_driver_semaphore_def 0x0800ee1c   Data           4  usbh_config_0.o(.constdata)
    usbh_driver_semaphore_def_ptr            0x0800ee20   Data           4  usbh_config_0.o(.constdata)
    os_timer_def_USBH_DebounceTimer0         0x0800ee24   Data           8  usbh_config_0.o(.constdata)
    usbh_debounce_timer_def_ptr              0x0800ee2c   Data           4  usbh_config_0.o(.constdata)
    usbh_cb_port_event_ptr                   0x0800ee30   Data           4  usbh_config_0.o(.constdata)
    usbh_cb_pipe_event_ptr                   0x0800ee34   Data           4  usbh_config_0.o(.constdata)
    Region$$Table$$Base                      0x0800f2e4   Number         0  anon$$obj.o(Region$$Table)
    Region$$Table$$Limit                     0x0800f304   Number         0  anon$$obj.o(Region$$Table)
    __ctype                                  0x0800f311   Data           0  lc_ctype_c.o(locale$$data)
    f                                        0x20000000   Data           4  thread.o(.data)
    os_semaphore_cb_Sem_filename             0x20000004   Data           8  thread.o(.data)
    Sem_filename_id                          0x2000000c   Data           4  thread.o(.data)
    os_semaphore_cb_Sem_DAC                  0x20000010   Data           8  thread.o(.data)
    Sem_DAC_id                               0x20000018   Data           4  thread.o(.data)
    tid_RX_Command                           0x2000001c   Data           4  thread.o(.data)
    tid_FSThread                             0x20000020   Data           4  thread.o(.data)
    tid_ControlThread                        0x20000024   Data           4  thread.o(.data)
    mid_CMDQueue                             0x20000028   Data           4  thread.o(.data)
    mid_FSQueue                              0x2000002c   Data           4  thread.o(.data)
    mid_DACQueue                             0x20000030   Data           4  thread.o(.data)
    cs43l22_drv                              0x20000038   Data          48  cs43l22.o(.data)
    OutputDev                                0x20000069   Data           1  cs43l22.o(.data)
    GPIO_PORT                                0x2000006c   Data          16  stm32f4_discovery.o(.data)
    BUTTON_PORT                              0x2000007c   Data           4  stm32f4_discovery.o(.data)
    I2cxTimeout                              0x20000080   Data           4  stm32f4_discovery.o(.data)
    SpixTimeout                              0x20000084   Data           4  stm32f4_discovery.o(.data)
    AudioInVolume                            0x2000008c   Data           2  stm32f4_discovery_audio.o(.data)
    sid_UART_SEM_Send_block                  0x20000090   Data           4  uart_driver.o(.data)
    os_semaphore_cb_UART_SEM_Send_block      0x20000094   Data           8  uart_driver.o(.data)
    sid_UART_SEM_Send                        0x2000009c   Data           4  uart_driver.o(.data)
    os_semaphore_cb_UART_SEM_Send            0x200000a0   Data           8  uart_driver.o(.data)
    sid_UART_SEM_Rec_block                   0x200000a8   Data           4  uart_driver.o(.data)
    os_semaphore_cb_UART_SEM_Rec_block       0x200000ac   Data           8  uart_driver.o(.data)
    sid_UART_SEM_Rec                         0x200000b4   Data           4  uart_driver.o(.data)
    os_semaphore_cb_UART_SEM_Rec             0x200000b8   Data           8  uart_driver.o(.data)
    osThreadId_osTimerThread                 0x200000c0   Data           4  rtx_conf_cm.o(.data)
    osMessageQId_osTimerMessageQ             0x200000c4   Data           4  rtx_conf_cm.o(.data)
    os_tmr                                   0x200000c8   Data           4  rtx_conf_cm.o(.data)
    m_tmr                                    0x200000cc   Data           4  rtx_conf_cm.o(.data)
    otg_fs_role                              0x200000d4   Data           1  otg_fs_stm32f4xx.o(.data)
    SystemCoreClock                          0x20000104   Data           4  system_stm32f4xx.o(.data)
    fs_ms_rtos_tick                          0x20000108   Data           4  fs_config.o(.data)
    usbh0_hcd_ptr                            0x2000010c   Data           4  usbh_config_0.o(.data)
    usbh0_hci_hcd_ptr                        0x20000110   Data           4  usbh_config_0.o(.data)
    usbh0_hc_ptr                             0x20000114   Data           4  usbh_config_0.o(.data)
    usbh0_ohci_ptr                           0x20000118   Data           4  usbh_config_0.o(.data)
    usbh0_ehci_ptr                           0x2000011c   Data           4  usbh_config_0.o(.data)
    usbh_core_thread_id                      0x20000120   Data           4  usbh_config_0.o(.data)
    usbh_driver_semaphore_id                 0x20000124   Data           4  usbh_config_0.o(.data)
    os_semaphore_cb_usbh0_driver_semaphore_def 0x20000128   Data           8  usbh_config_0.o(.data)
    usbh_debounce_timer_id                   0x20000130   Data           4  usbh_config_0.o(.data)
    usbh_drv_version                         0x20000134   Data           4  usbh_config_0.o(.data)
    usbh_capabilities                        0x20000138   Data           4  usbh_config_0.o(.data)
    os_initialized                           0x2000013c   Data           1  rt_cmsis.o(.data)
    os_running                               0x2000013d   Data           1  rt_cmsis.o(.data)
    os_timer_head                            0x20000140   Data           4  rt_cmsis.o(.data)
    os_tsk                                   0x20000144   Data           8  rt_task.o(.data)
    os_time                                  0x2000014c   Data           4  rt_time.o(.data)
    os_tick_irqn                             0x20000158   Data           4  rt_system.o(.data)
    dbg_msg                                  0x2000015c   Data           1  hal_cm.o(.data)
    _stream_list_lock                        0x20000160   Data           4  streamlock.o(.data)
    __aeabi_stdin                            0x20000164   Data           4  stdio_streams.o(.data)
    __aeabi_stdout                           0x20000168   Data           4  stdio_streams.o(.data)
    __aeabi_stderr                           0x2000016c   Data           4  stdio_streams.o(.data)
    filename                                 0x20000170   Data         256  thread.o(.bss)
    Audio_Buffer1                            0x20000270   Data        4000  thread.o(.bss)
    Audio_Buffer2                            0x20001210   Data        4000  thread.o(.bss)
    os_messageQ_q_CMDQueue                   0x200021b0   Data          20  thread.o(.bss)
    os_messageQ_q_FSQueue                    0x200021c4   Data          20  thread.o(.bss)
    os_messageQ_q_DACQueue                   0x200021d8   Data          20  thread.o(.bss)
    hAudioOutI2s                             0x20002298   Data          68  stm32f4_discovery_audio.o(.bss)
    hAudioInI2s                              0x200022dc   Data          68  stm32f4_discovery_audio.o(.bss)
    Filter                                   0x20002320   Data          52  stm32f4_discovery_audio.o(.bss)
    mp_tcb                                   0x20002418   Data         480  rtx_conf_cm.o(.bss)
    mp_stk                                   0x200025f8   Data       12016  rtx_conf_cm.o(.bss)
    os_stack_mem                             0x200054e8   Data       12248  rtx_conf_cm.o(.bss)
    os_fifo                                  0x200084c0   Data         132  rtx_conf_cm.o(.bss)
    os_active_TCB                            0x20008544   Data          36  rtx_conf_cm.o(.bss)
    os_messageQ_q_osTimerMessageQ            0x20008568   Data          32  rtx_conf_cm.o(.bss)
    fs_fat_fh                                0x20008aa0   Data         144  fs_config.o(.bss)
    fs_efs_fh                                0x20008b30   Data          28  fs_config.o(.bss)
    os_mutex_cb_fs_usb0_mtx_def              0x20008b4c   Data          16  fs_config.o(.bss)
    usbh0_pipe                               0x20009fe0   Data          60  usbh_config_0.o(.bss)
    usbh0_pipe_tid                           0x2000a01c   Data          24  usbh_config_0.o(.bss)
    usbh0_mem_pool                           0x2000a034   Data         572  usbh_config_0.o(.bss)
    os_timer_cb_USBH_DebounceTimer0          0x2000a270   Data          24  usbh_config_0.o(.bss)
    usbh_hci                                 0x2000a288   Data          92  usbh_config_0.o(.bss)
    usbh_dev                                 0x2000a2e4   Data          24  usbh_config_0.o(.bss)
    usbh_msc                                 0x2000a2fc   Data          28  usbh_config_0.o(.bss)
    os_idle_TCB                              0x2000a318   Data          52  rt_task.o(.bss)
    os_rdy                                   0x2000a34c   Data          24  rt_list.o(.bss)
    os_dly                                   0x2000a364   Data          24  rt_list.o(.bss)
    __libspace_start                         0x2000a37c   Data          96  libspace.o(.bss)
    __stdin                                  0x2000a3dc   Data          84  stdio_streams.o(.bss)
    __temporary_stack_top$libspace           0x2000a3dc   Data           0  libspace.o(.bss)
    __stdout                                 0x2000a430   Data          84  stdio_streams.o(.bss)
    __stderr                                 0x2000a484   Data          84  stdio_streams.o(.bss)



==============================================================================

Memory Map of the image

  Image Entry point : 0x08000189

  Load Region LR_IROM1 (Base: 0x08000000, Size: 0x0000f584, Max: 0x00100000, ABSOLUTE, COMPRESSED[0x0000f478])

    Execution Region ER_IROM1 (Base: 0x08000000, Size: 0x0000f414, Max: 0x00100000, ABSOLUTE)

    Base Addr    Size         Type   Attr      Idx    E Section Name        Object

    0x08000000   0x00000188   Data   RO         3586    RESET               startup_stm32f407xx.o
    0x08000188   0x00000008   Code   RO         6000  * !!!main             c_w.l(__main.o)
    0x08000190   0x00000034   Code   RO         6471    !!!scatter          c_w.l(__scatter.o)
    0x080001c4   0x0000005a   Code   RO         6469    !!dczerorl2         c_w.l(__dczerorl2.o)
    0x0800021e   0x00000002   PAD
    0x08000220   0x0000001c   Code   RO         6473    !!handler_zi        c_w.l(__scatter_zi.o)
    0x0800023c   0x00000002   Code   RO         6403    .ARM.Collect$$libinit$$00000000  c_w.l(libinit.o)
    0x0800023e   0x00000004   Code   RO         6273    .ARM.Collect$$libinit$$00000001  c_w.l(libinit2.o)
    0x08000242   0x00000000   Code   RO         6276    .ARM.Collect$$libinit$$00000004  c_w.l(libinit2.o)
    0x08000242   0x00000008   Code   RO         6277    .ARM.Collect$$libinit$$00000005  c_w.l(libinit2.o)
    0x0800024a   0x00000000   Code   RO         6279    .ARM.Collect$$libinit$$0000000A  c_w.l(libinit2.o)
    0x0800024a   0x00000000   Code   RO         6281    .ARM.Collect$$libinit$$0000000C  c_w.l(libinit2.o)
    0x0800024a   0x00000000   Code   RO         6283    .ARM.Collect$$libinit$$0000000E  c_w.l(libinit2.o)
    0x0800024a   0x00000006   Code   RO         6284    .ARM.Collect$$libinit$$0000000F  c_w.l(libinit2.o)
    0x08000250   0x00000000   Code   RO         6286    .ARM.Collect$$libinit$$00000011  c_w.l(libinit2.o)
    0x08000250   0x0000000c   Code   RO         6287    .ARM.Collect$$libinit$$00000012  c_w.l(libinit2.o)
    0x0800025c   0x00000000   Code   RO         6288    .ARM.Collect$$libinit$$00000013  c_w.l(libinit2.o)
    0x0800025c   0x00000000   Code   RO         6290    .ARM.Collect$$libinit$$00000015  c_w.l(libinit2.o)
    0x0800025c   0x00000000   Code   RO         6292    .ARM.Collect$$libinit$$00000017  c_w.l(libinit2.o)
    0x0800025c   0x00000000   Code   RO         6294    .ARM.Collect$$libinit$$00000019  c_w.l(libinit2.o)
    0x0800025c   0x00000000   Code   RO         6296    .ARM.Collect$$libinit$$0000001B  c_w.l(libinit2.o)
    0x0800025c   0x00000000   Code   RO         6298    .ARM.Collect$$libinit$$0000001D  c_w.l(libinit2.o)
    0x0800025c   0x00000000   Code   RO         6300    .ARM.Collect$$libinit$$0000001F  c_w.l(libinit2.o)
    0x0800025c   0x00000000   Code   RO         6302    .ARM.Collect$$libinit$$00000021  c_w.l(libinit2.o)
    0x0800025c   0x00000000   Code   RO         6304    .ARM.Collect$$libinit$$00000023  c_w.l(libinit2.o)
    0x0800025c   0x00000004   Code   RO         6305    .ARM.Collect$$libinit$$00000024  c_w.l(libinit2.o)
    0x08000260   0x00000000   Code   RO         6306    .ARM.Collect$$libinit$$00000025  c_w.l(libinit2.o)
    0x08000260   0x00000000   Code   RO         6310    .ARM.Collect$$libinit$$0000002C  c_w.l(libinit2.o)
    0x08000260   0x00000000   Code   RO         6312    .ARM.Collect$$libinit$$0000002E  c_w.l(libinit2.o)
    0x08000260   0x00000000   Code   RO         6314    .ARM.Collect$$libinit$$00000030  c_w.l(libinit2.o)
    0x08000260   0x00000000   Code   RO         6316    .ARM.Collect$$libinit$$00000032  c_w.l(libinit2.o)
    0x08000260   0x00000002   Code   RO         6317    .ARM.Collect$$libinit$$00000033  c_w.l(libinit2.o)
    0x08000262   0x00000002   Code   RO         6404    .ARM.Collect$$libshutdown$$00000000  c_w.l(libshutdown.o)
    0x08000264   0x00000000   Code   RO         6406    .ARM.Collect$$libshutdown$$00000002  c_w.l(libshutdown2.o)
    0x08000264   0x00000004   Code   RO         6407    .ARM.Collect$$libshutdown$$00000003  c_w.l(libshutdown2.o)
    0x08000268   0x00000000   Code   RO         6408    .ARM.Collect$$libshutdown$$00000004  c_w.l(libshutdown2.o)
    0x08000268   0x00000000   Code   RO         6411    .ARM.Collect$$libshutdown$$00000007  c_w.l(libshutdown2.o)
    0x08000268   0x00000000   Code   RO         6414    .ARM.Collect$$libshutdown$$0000000A  c_w.l(libshutdown2.o)
    0x08000268   0x00000000   Code   RO         6416    .ARM.Collect$$libshutdown$$0000000C  c_w.l(libshutdown2.o)
    0x08000268   0x00000000   Code   RO         6419    .ARM.Collect$$libshutdown$$0000000F  c_w.l(libshutdown2.o)
    0x08000268   0x00000002   Code   RO         6420    .ARM.Collect$$libshutdown$$00000010  c_w.l(libshutdown2.o)
    0x0800026a   0x00000000   Code   RO         6064    .ARM.Collect$$rtentry$$00000000  c_w.l(__rtentry.o)
    0x0800026a   0x00000000   Code   RO         6204    .ARM.Collect$$rtentry$$00000002  c_w.l(__rtentry2.o)
    0x0800026a   0x00000006   Code   RO         6216    .ARM.Collect$$rtentry$$00000004  c_w.l(__rtentry4.o)
    0x08000270   0x00000000   Code   RO         6206    .ARM.Collect$$rtentry$$00000009  c_w.l(__rtentry2.o)
    0x08000270   0x00000004   Code   RO         6207    .ARM.Collect$$rtentry$$0000000A  c_w.l(__rtentry2.o)
    0x08000274   0x00000008   Code   RO         6208    .ARM.Collect$$rtentry$$0000000B  c_w.l(__rtentry2.o)
    0x0800027c   0x00000008   Code   RO         6210    .ARM.Collect$$rtentry$$0000000D  c_w.l(__rtentry2.o)
    0x08000284   0x00000002   Code   RO         6065    .ARM.Collect$$rtexit$$00000000  c_w.l(rtexit.o)
    0x08000286   0x00000000   Code   RO         6219    .ARM.Collect$$rtexit$$00000002  c_w.l(rtexit2.o)
    0x08000286   0x00000004   Code   RO         6220    .ARM.Collect$$rtexit$$00000003  c_w.l(rtexit2.o)
    0x0800028a   0x00000006   Code   RO         6221    .ARM.Collect$$rtexit$$00000004  c_w.l(rtexit2.o)
    0x08000290   0x0000001c   Code   RO          953    .emb_text           rtx_conf_cm.o
    0x080002ac   0x00000198   Code   RO         5674    .emb_text           RTX_CM4.lib(hal_cm4.o)
    0x08000444   0x00000000   Code   RO         6355    .emb_text           c_w.l(maybetermalloc1.o)
    0x08000444   0x00000040   Code   RO         3587    .text               startup_stm32f407xx.o
    0x08000484   0x00000008   Code   RO         5961    .text               c_w.l(libspace.o)
    0x0800048c   0x000000ee   Code   RO         5964    .text               c_w.l(lludivv7m.o)
    0x0800057a   0x0000004c   Code   RO         5972    .text               c_w.l(fclose.o)
    0x080005c6   0x00000002   PAD
    0x080005c8   0x00000034   Code   RO         5974    .text               c_w.l(fclose_locked.o)
    0x080005fc   0x00000090   Code   RO         5976    .text               c_w.l(fflush_locked.o)
    0x0800068c   0x00000144   Code   RO         5978    .text               c_w.l(fopen_locked.o)
    0x080007d0   0x00000012   Code   RO         5980    .text               c_w.l(exit.o)
    0x080007e2   0x00000032   Code   RO         5982    .text               c_w.l(strncasecmp.o)
    0x08000814   0x0000003e   Code   RO         5984    .text               c_w.l(strlen.o)
    0x08000852   0x0000008a   Code   RO         5986    .text               c_w.l(rt_memcpy_v6.o)
    0x080008dc   0x00000064   Code   RO         5988    .text               c_w.l(rt_memcpy_w.o)
    0x08000940   0x00000044   Code   RO         5992    .text               c_w.l(rt_memclr.o)
    0x08000984   0x0000004e   Code   RO         5994    .text               c_w.l(rt_memclr_w.o)
    0x080009d2   0x00000002   PAD
    0x080009d4   0x00000080   Code   RO         5996    .text               c_w.l(strcmpv7m.o)
    0x08000a54   0x00000006   Code   RO         5998    .text               c_w.l(heapauxi.o)
    0x08000a5a   0x0000009e   Code   RO         6079    .text               c_w.l(h1_alloc_mt.o)
    0x08000af8   0x00000076   Code   RO         6081    .text               c_w.l(h1_free_mt.o)
    0x08000b6e   0x0000001a   Code   RO         6135    .text               c_w.l(tolower.o)
    0x08000b88   0x000000f8   Code   RO         6141    .text               c_w.l(fseek.o)
    0x08000c80   0x000000f0   Code   RO         6143    .text               c_w.l(stdio.o)
    0x08000d70   0x00000010   Code   RO         6225    .text               c_w.l(rt_ctype_table.o)
    0x08000d80   0x0000000a   Code   RO         6234    .text               c_w.l(rt_heap_descriptor_twolibspace.o)
    0x08000d8a   0x00000004   Code   RO         6241    .text               c_w.l(rt_errno_addr_twolibspace.o)
    0x08000d8e   0x00000004   Code   RO         6243    .text               c_w.l(hguard.o)
    0x08000d92   0x0000008a   Code   RO         6245    .text               c_w.l(init_alloc.o)
    0x08000e1c   0x00000012   Code   RO         6251    .text               c_w.l(h1_init_mt.o)
    0x08000e2e   0x0000023a   Code   RO         6263    .text               c_w.l(filbuf.o)
    0x08001068   0x00000042   Code   RO         6265    .text               c_w.l(ftell.o)
    0x080010aa   0x00000002   PAD
    0x080010ac   0x000001c8   Code   RO         6269    .text               c_w.l(initio_locked.o)
    0x08001274   0x0000000c   Code   RO         6342    .text               c_w.l(sys_exit.o)
    0x08001280   0x0000004a   Code   RO         6344    .text               c_w.l(sys_stackheap_outer.o)
    0x080012ca   0x0000000a   Code   RO         6351    .text               c_w.l(rt_locale_twolibspace.o)
    0x080012d4   0x0000003e   Code   RO         6359    .text               c_w.l(h1_extend_mt.o)
    0x08001312   0x00000068   Code   RO         6369    .text               c_w.l(setvbuf_locked.o)
    0x0800137a   0x00000132   Code   RO         6371    .text               c_w.l(freadfast_locked.o)
    0x080014ac   0x0000005c   Code   RO         6375    .text               c_w.l(flushlinebuffered_locked.o)
    0x08001508   0x0000000e   Code   RO         6384    .text               c_w.l(defsig_rtred_outer.o)
    0x08001516   0x0000000e   Code   RO         6388    .text               c_w.l(defsig_rtmem_outer.o)
    0x08001524   0x00000002   Code   RO         6425    .text               c_w.l(use_no_semi.o)
    0x08001526   0x00000000   Code   RO         6427    .text               c_w.l(indicate_semi.o)
    0x08001526   0x0000000a   Code   RO         6432    .text               c_w.l(defsig_exit.o)
    0x08001530   0x00000034   Code   RO         6436    .text               c_w.l(defsig_rtred_inner.o)
    0x08001564   0x00000050   Code   RO         6438    .text               c_w.l(defsig_rtmem_inner.o)
    0x080015b4   0x00000032   Code   RO         6450    .text               c_w.l(defsig_general.o)
    0x080015e6   0x0000000e   Code   RO         6452    .text               c_w.l(sys_wrch.o)
    0x080015f4   0x00000004   Code   RO         5948    SVC_TABLE           RTX_CM4.lib(svc_table.o)
    0x080015f8   0x00000002   Code   RO          389    i.AUDIO_IO_DeInit   stm32f4_discovery.o
    0x080015fa   0x00000002   PAD
    0x080015fc   0x0000006c   Code   RO          390    i.AUDIO_IO_Init     stm32f4_discovery.o
    0x08001668   0x00000010   Code   RO          391    i.AUDIO_IO_Read     stm32f4_discovery.o
    0x08001678   0x00000014   Code   RO          392    i.AUDIO_IO_Write    stm32f4_discovery.o
    0x0800168c   0x00000002   Code   RO          543    i.BSP_AUDIO_IN_Error_Callback  stm32f4_discovery_audio.o
    0x0800168e   0x00000002   PAD
    0x08001690   0x00000018   Code   RO          553    i.BSP_AUDIO_OUT_ChangeBuffer  stm32f4_discovery_audio.o
    0x080016a8   0x00000004   Code   RO          174    i.BSP_AUDIO_OUT_Error_CallBack  thread.o
    0x080016ac   0x00000002   Code   RO          175    i.BSP_AUDIO_OUT_HalfTransfer_CallBack  thread.o
    0x080016ae   0x00000002   PAD
    0x080016b0   0x000000c8   Code   RO          556    i.BSP_AUDIO_OUT_Init  stm32f4_discovery_audio.o
    0x08001778   0x00000044   Code   RO          558    i.BSP_AUDIO_OUT_Play  stm32f4_discovery_audio.o
    0x080017bc   0x00000024   Code   RO          559    i.BSP_AUDIO_OUT_Resume  stm32f4_discovery_audio.o
    0x080017e0   0x00000020   Code   RO          561    i.BSP_AUDIO_OUT_SetMute  stm32f4_discovery_audio.o
    0x08001800   0x0000005c   Code   RO          176    i.BSP_AUDIO_OUT_TransferComplete_CallBack  thread.o
    0x0800185c   0x00000004   Code   RO          818    i.BusFault_Handler  stm32f4xx_it.o
    0x08001860   0x0000001c   Code   RO          293    i.CODEC_IO_Write    cs43l22.o
    0x0800187c   0x00000028   Code   RO         5016    i.CheckController   USB_CM3_L.lib(usbh_lib_core.o)
    0x080018a4   0x0000002c   Code   RO         5017    i.CheckDeviceInstance  USB_CM3_L.lib(usbh_lib_core.o)
    0x080018d0   0x0000003c   Code   RO         5212    i.CheckInstance     USB_CM3_L.lib(usbh_lib_msc.o)
    0x0800190c   0x00000080   Code   RO          177    i.ControlThread     thread.o
    0x0800198c   0x00000010   Code   RO          819    i.DMA1_Stream3_IRQHandler  stm32f4xx_it.o
    0x0800199c   0x00000010   Code   RO          820    i.DMA1_Stream7_IRQHandler  stm32f4xx_it.o
    0x080019ac   0x00000034   Code   RO         1791    i.DMA_CalcBaseAndBitshift  stm32f4xx_hal_dma.o
    0x080019e0   0x000000ba   Code   RO         1792    i.DMA_CheckFifoParam  stm32f4xx_hal_dma.o
    0x08001a9a   0x0000002c   Code   RO         1793    i.DMA_SetConfig     stm32f4xx_hal_dma.o
    0x08001ac6   0x00000002   Code   RO          821    i.DebugMon_Handler  stm32f4xx_it.o
    0x08001ac8   0x0000000a   Code   RO          822    i.EXTI0_IRQHandler  stm32f4xx_it.o
    0x08001ad2   0x0000000a   Code   RO          823    i.EXTI1_IRQHandler  stm32f4xx_it.o
    0x08001adc   0x00000184   Code   RO         1026    i.Enable_GPIO_Clock  otg_fs_stm32f4xx.o
    0x08001c60   0x00000184   Code   RO         1097    i.Enable_GPIO_Clock  usart_stm32f4xx.o
    0x08001de4   0x00000004   Code   RO            4    i.Error_Handler     main.o
    0x08001de8   0x00000208   Code   RO          178    i.FSThread          thread.o
    0x08001ff0   0x00000044   Code   RO         5213    i.FS_USBH_MSC_DeviceCtrl  USB_CM3_L.lib(usbh_lib_msc.o)
    0x08002034   0x00000038   Code   RO         5214    i.FS_USBH_MSC_Initialize  USB_CM3_L.lib(usbh_lib_msc.o)
    0x0800206c   0x00000028   Code   RO         5215    i.FS_USBH_MSC_ReadInfo  USB_CM3_L.lib(usbh_lib_msc.o)
    0x08002094   0x0000002c   Code   RO         5216    i.FS_USBH_MSC_ReadSectors  USB_CM3_L.lib(usbh_lib_msc.o)
    0x080020c0   0x00000018   Code   RO         5217    i.FS_USBH_MSC_Uninitialize  USB_CM3_L.lib(usbh_lib_msc.o)
    0x080020d8   0x0000002c   Code   RO         5218    i.FS_USBH_MSC_WriteSectors  USB_CM3_L.lib(usbh_lib_msc.o)
    0x08002104   0x000000aa   Code   RO         1794    i.HAL_DMA_Abort     stm32f4xx_hal_dma.o
    0x080021ae   0x00000062   Code   RO         1796    i.HAL_DMA_DeInit    stm32f4xx_hal_dma.o
    0x08002210   0x00000248   Code   RO         1799    i.HAL_DMA_IRQHandler  stm32f4xx_hal_dma.o
    0x08002458   0x000000e8   Code   RO         1800    i.HAL_DMA_Init      stm32f4xx_hal_dma.o
    0x08002540   0x0000009e   Code   RO         1804    i.HAL_DMA_Start_IT  stm32f4xx_hal_dma.o
    0x080025de   0x0000001a   Code   RO         1523    i.HAL_Delay         stm32f4xx_hal.o
    0x080025f8   0x00000164   Code   RO         1938    i.HAL_GPIO_DeInit   stm32f4xx_hal_gpio.o
    0x0800275c   0x00000002   Code   RO         1939    i.HAL_GPIO_EXTI_Callback  stm32f4xx_hal_gpio.o
    0x0800275e   0x00000002   PAD
    0x08002760   0x0000001c   Code   RO         1940    i.HAL_GPIO_EXTI_IRQHandler  stm32f4xx_hal_gpio.o
    0x0800277c   0x00000200   Code   RO         1941    i.HAL_GPIO_Init     stm32f4xx_hal_gpio.o
    0x0800297c   0x00000010   Code   RO         1943    i.HAL_GPIO_ReadPin  stm32f4xx_hal_gpio.o
    0x0800298c   0x0000000c   Code   RO         1945    i.HAL_GPIO_WritePin  stm32f4xx_hal_gpio.o
    0x08002998   0x0000000c   Code   RO         1528    i.HAL_GetREVID      stm32f4xx_hal.o
    0x080029a4   0x0000000c   Code   RO            5    i.HAL_GetTick       main.o
    0x080029b0   0x0000003c   Code   RO         2006    i.HAL_I2C_DeInit    stm32f4xx_hal_i2c.o
    0x080029ec   0x00000008   Code   RO         2014    i.HAL_I2C_GetState  stm32f4xx_hal_i2c.o
    0x080029f4   0x00000128   Code   RO         2015    i.HAL_I2C_Init      stm32f4xx_hal_i2c.o
    0x08002b1c   0x00000324   Code   RO         2031    i.HAL_I2C_Mem_Read  stm32f4xx_hal_i2c.o
    0x08002e40   0x00000188   Code   RO         2034    i.HAL_I2C_Mem_Write  stm32f4xx_hal_i2c.o
    0x08002fc8   0x00000002   Code   RO         2037    i.HAL_I2C_MspDeInit  stm32f4xx_hal_i2c.o
    0x08002fca   0x00000002   Code   RO         2038    i.HAL_I2C_MspInit   stm32f4xx_hal_i2c.o
    0x08002fcc   0x000000f0   Code   RO         2621    i.HAL_I2S_DMAResume  stm32f4xx_hal_i2s_ex.o
    0x080030bc   0x00000028   Code   RO          566    i.HAL_I2S_ErrorCallback  stm32f4_discovery_audio.o
    0x080030e4   0x00000008   Code   RO         2443    i.HAL_I2S_GetState  stm32f4xx_hal_i2s.o
    0x080030ec   0x00000190   Code   RO         2624    i.HAL_I2S_Init      stm32f4xx_hal_i2s_ex.o
    0x0800327c   0x00000002   Code   RO         2447    i.HAL_I2S_MspInit   stm32f4xx_hal_i2s.o
    0x0800327e   0x00000002   PAD
    0x08003280   0x000000dc   Code   RO         2454    i.HAL_I2S_Transmit_DMA  stm32f4xx_hal_i2s.o
    0x0800335c   0x00000018   Code   RO          569    i.HAL_I2S_TxCpltCallback  stm32f4_discovery_audio.o
    0x08003374   0x00000018   Code   RO          570    i.HAL_I2S_TxHalfCpltCallback  stm32f4_discovery_audio.o
    0x0800338c   0x0000003c   Code   RO         1531    i.HAL_Init          stm32f4xx_hal.o
    0x080033c8   0x00000028   Code   RO         1532    i.HAL_InitTick      stm32f4xx_hal.o
    0x080033f0   0x00000002   Code   RO         1534    i.HAL_MspInit       stm32f4xx_hal.o
    0x080033f2   0x00000002   PAD
    0x080033f4   0x00000024   Code   RO         1665    i.HAL_NVIC_DisableIRQ  stm32f4xx_hal_cortex.o
    0x08003418   0x00000020   Code   RO         1666    i.HAL_NVIC_EnableIRQ  stm32f4xx_hal_cortex.o
    0x08003438   0x0000007c   Code   RO         1672    i.HAL_NVIC_SetPriority  stm32f4xx_hal_cortex.o
    0x080034b4   0x00000028   Code   RO         1673    i.HAL_NVIC_SetPriorityGrouping  stm32f4xx_hal_cortex.o
    0x080034dc   0x00000050   Code   RO         2986    i.HAL_RCCEx_GetPeriphCLKConfig  stm32f4xx_hal_rcc_ex.o
    0x0800352c   0x000001b0   Code   RO         2987    i.HAL_RCCEx_PeriphCLKConfig  stm32f4xx_hal_rcc_ex.o
    0x080036dc   0x000001d0   Code   RO         2882    i.HAL_RCC_ClockConfig  stm32f4xx_hal_rcc.o
    0x080038ac   0x0000000c   Code   RO         2887    i.HAL_RCC_GetHCLKFreq  stm32f4xx_hal_rcc.o
    0x080038b8   0x0000002c   Code   RO         2889    i.HAL_RCC_GetPCLK1Freq  stm32f4xx_hal_rcc.o
    0x080038e4   0x000000b4   Code   RO         2891    i.HAL_RCC_GetSysClockFreq  stm32f4xx_hal_rcc.o
    0x08003998   0x0000044c   Code   RO         2894    i.HAL_RCC_OscConfig  stm32f4xx_hal_rcc.o
    0x08003de4   0x00000034   Code   RO         1677    i.HAL_SYSTICK_Config  stm32f4xx_hal_cortex.o
    0x08003e18   0x00000004   Code   RO          824    i.HardFault_Handler  stm32f4xx_it.o
    0x08003e1c   0x00000034   Code   RO         2053    i.I2C_IsAcknowledgeFailed  stm32f4xx_hal_i2c.o
    0x08003e50   0x00000158   Code   RO         2063    i.I2C_RequestMemoryRead  stm32f4xx_hal_i2c.o
    0x08003fa8   0x000000e0   Code   RO         2064    i.I2C_RequestMemoryWrite  stm32f4xx_hal_i2c.o
    0x08004088   0x00000056   Code   RO         2072    i.I2C_WaitOnBTFFlagUntilTimeout  stm32f4xx_hal_i2c.o
    0x080040de   0x0000007c   Code   RO         2073    i.I2C_WaitOnFlagUntilTimeout  stm32f4xx_hal_i2c.o
    0x0800415a   0x000000ac   Code   RO         2074    i.I2C_WaitOnMasterAddressFlagUntilTimeout  stm32f4xx_hal_i2c.o
    0x08004206   0x0000006e   Code   RO         2075    i.I2C_WaitOnRXNEFlagUntilTimeout  stm32f4xx_hal_i2c.o
    0x08004274   0x00000056   Code   RO         2077    i.I2C_WaitOnTXEFlagUntilTimeout  stm32f4xx_hal_i2c.o
    0x080042ca   0x00000002   PAD
    0x080042cc   0x00000014   Code   RO          400    i.I2Cx_Error        stm32f4_discovery.o
    0x080042e0   0x00000040   Code   RO          401    i.I2Cx_Init         stm32f4_discovery.o
    0x08004320   0x000000ac   Code   RO          402    i.I2Cx_MspInit      stm32f4_discovery.o
    0x080043cc   0x00000040   Code   RO          403    i.I2Cx_ReadData     stm32f4_discovery.o
    0x0800440c   0x0000003c   Code   RO          404    i.I2Cx_WriteData    stm32f4_discovery.o
    0x08004448   0x00000050   Code   RO          573    i.I2S3_Init         stm32f4_discovery_audio.o
    0x08004498   0x00000170   Code   RO          574    i.I2S3_MspInit      stm32f4_discovery_audio.o
    0x08004608   0x00000022   Code   RO         2458    i.I2S_DMAError      stm32f4xx_hal_i2s.o
    0x0800462a   0x00000002   PAD
    0x0800462c   0x000000a4   Code   RO         2627    i.I2S_DMATxCplt     stm32f4xx_hal_i2s_ex.o
    0x080046d0   0x0000000e   Code   RO         2460    i.I2S_DMATxHalfCplt  stm32f4xx_hal_i2s.o
    0x080046de   0x00000002   PAD
    0x080046e0   0x00000070   Code   RO         2628    i.I2S_GetInputClock  stm32f4xx_hal_i2s_ex.o
    0x08004750   0x000000f0   Code   RO          179    i.Init_Thread       thread.o
    0x08004840   0x0000004c   Code   RO          901    i.LED_Initialize    led_f4discovery.o
    0x0800488c   0x00000020   Code   RO          902    i.LED_Off           led_f4discovery.o
    0x080048ac   0x00000020   Code   RO          903    i.LED_On            led_f4discovery.o
    0x080048cc   0x00000004   Code   RO          825    i.MemManage_Handler  stm32f4xx_it.o
    0x080048d0   0x00000002   Code   RO          826    i.NMI_Handler       stm32f4xx_it.o
    0x080048d2   0x0000001a   Code   RO         1027    i.OTG_FS_IRQHandler  otg_fs_stm32f4xx.o
    0x080048ec   0x00000028   Code   RO         1028    i.OTG_FS_PinGetOC   otg_fs_stm32f4xx.o
    0x08004914   0x00000024   Code   RO         1029    i.OTG_FS_PinVbusOnOff  otg_fs_stm32f4xx.o
    0x08004938   0x000000f0   Code   RO         1030    i.OTG_FS_PinsConfigure  otg_fs_stm32f4xx.o
    0x08004a28   0x00000074   Code   RO         1031    i.OTG_FS_PinsUnconfigure  otg_fs_stm32f4xx.o
    0x08004a9c   0x00000064   Code   RO          180    i.Process_Event     thread.o
    0x08004b00   0x00000124   Code   RO          181    i.Rx_Command_Thread  thread.o
    0x08004c24   0x000000c0   Code   RO            6    i.SystemClock_Config  main.o
    0x08004ce4   0x00000064   Code   RO         3595    i.SystemInit        system_stm32f4xx.o
    0x08004d48   0x00000010   Code   RO         1098    i.UART4_IRQHandler  usart_stm32f4xx.o
    0x08004d58   0x000000c0   Code   RO          762    i.UART_Init         uart_driver.o
    0x08004e18   0x00000040   Code   RO          763    i.UART_receive      uart_driver.o
    0x08004e58   0x00000058   Code   RO          764    i.UART_receivestring  uart_driver.o
    0x08004eb0   0x00000040   Code   RO          765    i.UART_send         uart_driver.o
    0x08004ef0   0x00000018   Code   RO         1099    i.USART4_Control    usart_stm32f4xx.o
    0x08004f08   0x00000010   Code   RO         1100    i.USART4_GetCapabilities  usart_stm32f4xx.o
    0x08004f18   0x00000010   Code   RO         1101    i.USART4_GetModemStatus  usart_stm32f4xx.o
    0x08004f28   0x00000010   Code   RO         1102    i.USART4_GetRxCount  usart_stm32f4xx.o
    0x08004f38   0x00000010   Code   RO         1103    i.USART4_GetStatus  usart_stm32f4xx.o
    0x08004f48   0x00000010   Code   RO         1104    i.USART4_GetTxCount  usart_stm32f4xx.o
    0x08004f58   0x00000014   Code   RO         1105    i.USART4_Initialize  usart_stm32f4xx.o
    0x08004f6c   0x00000014   Code   RO         1106    i.USART4_PowerControl  usart_stm32f4xx.o
    0x08004f80   0x00000018   Code   RO         1107    i.USART4_Receive    usart_stm32f4xx.o
    0x08004f98   0x00000018   Code   RO         1108    i.USART4_Send       usart_stm32f4xx.o
    0x08004fb0   0x00000014   Code   RO         1109    i.USART4_SetModemControl  usart_stm32f4xx.o
    0x08004fc4   0x0000001c   Code   RO         1110    i.USART4_Transfer   usart_stm32f4xx.o
    0x08004fe0   0x00000010   Code   RO         1111    i.USART4_Uninitialize  usart_stm32f4xx.o
    0x08004ff0   0x000008e2   Code   RO         1112    i.USART_Control     usart_stm32f4xx.o
    0x080058d2   0x00000006   Code   RO         1113    i.USART_GetCapabilities  usart_stm32f4xx.o
    0x080058d8   0x0000005a   Code   RO         1114    i.USART_GetModemStatus  usart_stm32f4xx.o
    0x08005932   0x00000008   Code   RO         1115    i.USART_GetRxCount  usart_stm32f4xx.o
    0x0800593a   0x00000076   Code   RO         1116    i.USART_GetStatus   usart_stm32f4xx.o
    0x080059b0   0x00000008   Code   RO         1117    i.USART_GetTxCount  usart_stm32f4xx.o
    0x080059b8   0x00000272   Code   RO         1118    i.USART_IRQHandler  usart_stm32f4xx.o
    0x08005c2a   0x0000008a   Code   RO         1119    i.USART_Initialize  usart_stm32f4xx.o
    0x08005cb4   0x00000134   Code   RO         1120    i.USART_PeripheralReset  usart_stm32f4xx.o
    0x08005de8   0x000002c0   Code   RO         1121    i.USART_PowerControl  usart_stm32f4xx.o
    0x080060a8   0x000000a2   Code   RO         1122    i.USART_Receive     usart_stm32f4xx.o
    0x0800614a   0x00000088   Code   RO         1123    i.USART_Send        usart_stm32f4xx.o
    0x080061d2   0x00000072   Code   RO         1124    i.USART_SetModemControl  usart_stm32f4xx.o
    0x08006244   0x0000006a   Code   RO         1125    i.USART_Transfer    usart_stm32f4xx.o
    0x080062ae   0x0000006a   Code   RO         1126    i.USART_Uninitialize  usart_stm32f4xx.o
    0x08006318   0x00000050   Code   RO          766    i.USART_callback    uart_driver.o
    0x08006368   0x00000010   Code   RO         1127    i.USARTx_GetVersion  usart_stm32f4xx.o
    0x08006378   0x00000006   Code   RO         5018    i.USBH0_Core_Thread  USB_CM3_L.lib(usbh_lib_core.o)
    0x0800637e   0x00000012   Code   RO         3936    i.USBH0_SignalPipeEvent  usbh_config_0.o
    0x08006390   0x00000012   Code   RO         3937    i.USBH0_SignalPortEvent  usbh_config_0.o
    0x080063a2   0x00000006   Code   RO         3938    i.USBH_CDC_Configure  usbh_config_0.o
    0x080063a8   0x00000006   Code   RO         3939    i.USBH_CDC_Initialize_Lib  usbh_config_0.o
    0x080063ae   0x00000006   Code   RO         3940    i.USBH_CDC_Unconfigure  usbh_config_0.o
    0x080063b4   0x00000006   Code   RO         3941    i.USBH_CDC_Uninitialize_Lib  usbh_config_0.o
    0x080063ba   0x0000006e   Code   RO         1293    i.USBH_CH_Disable   usbh_fs_stm32f4xx.o
    0x08006428   0x00000010   Code   RO         1294    i.USBH_CH_GetIndexFromAddress  usbh_fs_stm32f4xx.o
    0x08006438   0x00000140   Code   RO         5022    i.USBH_ConnectDebounce  USB_CM3_L.lib(usbh_lib_core.o)
    0x08006578   0x0000009c   Code   RO         5023    i.USBH_ControlTransfer  USB_CM3_L.lib(usbh_lib_core.o)
    0x08006614   0x00000254   Code   RO         5024    i.USBH_Core_Thread  USB_CM3_L.lib(usbh_lib_core.o)
    0x08006868   0x00000006   Code   RO         3942    i.USBH_CustomClass_Configure  usbh_config_0.o
    0x0800686e   0x00000006   Code   RO         3943    i.USBH_CustomClass_Initialize  usbh_config_0.o
    0x08006874   0x00000006   Code   RO         3944    i.USBH_CustomClass_Unconfigure  usbh_config_0.o
    0x0800687a   0x00000006   Code   RO         3945    i.USBH_CustomClass_Uninitialize  usbh_config_0.o
    0x08006880   0x00000030   Code   RO         5037    i.USBH_DefaultPipeSetAddress  USB_CM3_L.lib(usbh_lib_core.o)
    0x080068b0   0x00000034   Code   RO         5038    i.USBH_DefaultPipeSetMaxPacketSize  USB_CM3_L.lib(usbh_lib_core.o)
    0x080068e4   0x0000006e   Code   RO         5041    i.USBH_DeviceRequest_GetDescriptor  USB_CM3_L.lib(usbh_lib_core.o)
    0x08006952   0x00000048   Code   RO         5044    i.USBH_DeviceRequest_SetAddress  USB_CM3_L.lib(usbh_lib_core.o)
    0x0800699a   0x00000048   Code   RO         5045    i.USBH_DeviceRequest_SetConfiguration  USB_CM3_L.lib(usbh_lib_core.o)
    0x080069e2   0x00000004   Code   RO         5055    i.USBH_Device_GetStatus  USB_CM3_L.lib(usbh_lib_core.o)
    0x080069e6   0x00000002   PAD
    0x080069e8   0x00000010   Code   RO         5166    i.USBH_DriverGetCapabilities  USB_CM3_L.lib(usbh_lib_drv.o)
    0x080069f8   0x00000010   Code   RO         5168    i.USBH_DriverGetVersion  USB_CM3_L.lib(usbh_lib_drv.o)
    0x08006a08   0x0000005c   Code   RO         5169    i.USBH_DriverInitialize  USB_CM3_L.lib(usbh_lib_drv.o)
    0x08006a64   0x0000006c   Code   RO         5170    i.USBH_DriverPipeCreate  USB_CM3_L.lib(usbh_lib_drv.o)
    0x08006ad0   0x0000005c   Code   RO         5171    i.USBH_DriverPipeDelete  USB_CM3_L.lib(usbh_lib_drv.o)
    0x08006b2c   0x0000006c   Code   RO         5172    i.USBH_DriverPipeModify  USB_CM3_L.lib(usbh_lib_drv.o)
    0x08006b98   0x0000005c   Code   RO         5173    i.USBH_DriverPipeReset  USB_CM3_L.lib(usbh_lib_drv.o)
    0x08006bf4   0x00000070   Code   RO         5174    i.USBH_DriverPipeTransfer  USB_CM3_L.lib(usbh_lib_drv.o)
    0x08006c64   0x0000005c   Code   RO         5175    i.USBH_DriverPipeTransferAbort  USB_CM3_L.lib(usbh_lib_drv.o)
    0x08006cc0   0x00000054   Code   RO         5176    i.USBH_DriverPipeTransferGetResult  USB_CM3_L.lib(usbh_lib_drv.o)
    0x08006d14   0x0000003c   Code   RO         5177    i.USBH_DriverPortGetState  USB_CM3_L.lib(usbh_lib_drv.o)
    0x08006d50   0x00000070   Code   RO         5178    i.USBH_DriverPortReset  USB_CM3_L.lib(usbh_lib_drv.o)
    0x08006dc0   0x0000005c   Code   RO         5179    i.USBH_DriverPortResume  USB_CM3_L.lib(usbh_lib_drv.o)
    0x08006e1c   0x0000005c   Code   RO         5180    i.USBH_DriverPortSuspend  USB_CM3_L.lib(usbh_lib_drv.o)
    0x08006e78   0x0000005c   Code   RO         5181    i.USBH_DriverPortVbusOnOff  USB_CM3_L.lib(usbh_lib_drv.o)
    0x08006ed4   0x0000005c   Code   RO         5182    i.USBH_DriverPowerControl  USB_CM3_L.lib(usbh_lib_drv.o)
    0x08006f30   0x00000328   Code   RO         5057    i.USBH_Engine       USB_CM3_L.lib(usbh_lib_core.o)
    0x08007258   0x00000388   Code   RO         5058    i.USBH_EnumerateDevice  USB_CM3_L.lib(usbh_lib_core.o)
    0x080075e0   0x00000424   Code   RO         1295    i.USBH_FS_IRQ       usbh_fs_stm32f4xx.o
    0x08007a04   0x00000034   Code   RO         5059    i.USBH_FindRecoveryDevice  USB_CM3_L.lib(usbh_lib_core.o)
    0x08007a38   0x0000000c   Code   RO         1296    i.USBH_GetCapabilities  usbh_fs_stm32f4xx.o
    0x08007a44   0x0000001c   Code   RO         1297    i.USBH_GetFrameNumber  usbh_fs_stm32f4xx.o
    0x08007a60   0x00000030   Code   RO         5060    i.USBH_GetFree_PIPE  USB_CM3_L.lib(usbh_lib_core.o)
    0x08007a90   0x00000030   Code   RO         5061    i.USBH_GetFree_PIPE_TID  USB_CM3_L.lib(usbh_lib_core.o)
    0x08007ac0   0x00000010   Code   RO         1298    i.USBH_GetVersion   usbh_fs_stm32f4xx.o
    0x08007ad0   0x00000034   Code   RO         5062    i.USBH_Get_TID_from_Pipe  USB_CM3_L.lib(usbh_lib_core.o)
    0x08007b04   0x00000006   Code   RO         3946    i.USBH_HID_Configure  usbh_config_0.o
    0x08007b0a   0x00000006   Code   RO         3947    i.USBH_HID_Initialize_Lib  usbh_config_0.o
    0x08007b10   0x00000006   Code   RO         3948    i.USBH_HID_Unconfigure  usbh_config_0.o
    0x08007b16   0x00000006   Code   RO         3949    i.USBH_HID_Uninitialize_Lib  usbh_config_0.o
    0x08007b1c   0x000001f4   Code   RO         1299    i.USBH_HW_StartTransfer  usbh_fs_stm32f4xx.o
    0x08007d10   0x00000040   Code   RO         1300    i.USBH_Initialize   usbh_fs_stm32f4xx.o
    0x08007d50   0x000001c0   Code   RO         5063    i.USBH_Initialize   USB_CM3_L.lib(usbh_lib_core.o)
    0x08007f10   0x000000f8   Code   RO         5219    i.USBH_MSC_Configure  USB_CM3_L.lib(usbh_lib_msc.o)
    0x08008008   0x00000028   Code   RO         5221    i.USBH_MSC_GetStatus  USB_CM3_L.lib(usbh_lib_msc.o)
    0x08008030   0x00000002   Code   RO         5222    i.USBH_MSC_Initialize  USB_CM3_L.lib(usbh_lib_msc.o)
    0x08008032   0x00000002   PAD
    0x08008034   0x00000250   Code   RO         5223    i.USBH_MSC_Initialize_Lib  USB_CM3_L.lib(usbh_lib_msc.o)
    0x08008284   0x00000068   Code   RO         5224    i.USBH_MSC_Read     USB_CM3_L.lib(usbh_lib_msc.o)
    0x080082ec   0x00000030   Code   RO         5225    i.USBH_MSC_ReadCapacity  USB_CM3_L.lib(usbh_lib_msc.o)
    0x0800831c   0x000000c8   Code   RO         5226    i.USBH_MSC_Recover  USB_CM3_L.lib(usbh_lib_msc.o)
    0x080083e4   0x00000108   Code   RO         5227    i.USBH_MSC_SCSI_Inquiry  USB_CM3_L.lib(usbh_lib_msc.o)
    0x080084ec   0x00000120   Code   RO         5228    i.USBH_MSC_SCSI_Read10  USB_CM3_L.lib(usbh_lib_msc.o)
    0x0800860c   0x00000114   Code   RO         5229    i.USBH_MSC_SCSI_ReadCapacity  USB_CM3_L.lib(usbh_lib_msc.o)
    0x08008720   0x00000108   Code   RO         5230    i.USBH_MSC_SCSI_RequestSense  USB_CM3_L.lib(usbh_lib_msc.o)
    0x08008828   0x000000e4   Code   RO         5231    i.USBH_MSC_SCSI_TestUnitReady  USB_CM3_L.lib(usbh_lib_msc.o)
    0x0800890c   0x00000120   Code   RO         5232    i.USBH_MSC_SCSI_Write10  USB_CM3_L.lib(usbh_lib_msc.o)
    0x08008a2c   0x00000070   Code   RO         5233    i.USBH_MSC_Unconfigure  USB_CM3_L.lib(usbh_lib_msc.o)
    0x08008a9c   0x00000002   Code   RO         5234    i.USBH_MSC_Uninitialize  USB_CM3_L.lib(usbh_lib_msc.o)
    0x08008a9e   0x0000000a   Code   RO         5235    i.USBH_MSC_Uninitialize_Lib  USB_CM3_L.lib(usbh_lib_msc.o)
    0x08008aa8   0x00000068   Code   RO         5236    i.USBH_MSC_Write    USB_CM3_L.lib(usbh_lib_msc.o)
    0x08008b10   0x0000002e   Code   RO         5064    i.USBH_MemoryAllocate  USB_CM3_L.lib(usbh_lib_core.o)
    0x08008b3e   0x00000002   PAD
    0x08008b40   0x00000044   Code   RO         5909    i.USBH_MemoryAllocateLib  USB_CM3_L.lib(usbh_lib_mem.o)
    0x08008b84   0x00000024   Code   RO         5065    i.USBH_MemoryFree   USB_CM3_L.lib(usbh_lib_core.o)
    0x08008ba8   0x00000040   Code   RO         5910    i.USBH_MemoryFreeLib  USB_CM3_L.lib(usbh_lib_mem.o)
    0x08008be8   0x00000010   Code   RO         5911    i.USBH_MemoryGetPoolSize  USB_CM3_L.lib(usbh_lib_mem.o)
    0x08008bf8   0x0000001a   Code   RO         5066    i.USBH_MemoryInitialize  USB_CM3_L.lib(usbh_lib_core.o)
    0x08008c12   0x00000002   PAD
    0x08008c14   0x00000040   Code   RO         5912    i.USBH_MemoryInitializeLib  USB_CM3_L.lib(usbh_lib_mem.o)
    0x08008c54   0x00000028   Code   RO         5913    i.USBH_MemoryIsInPool  USB_CM3_L.lib(usbh_lib_mem.o)
    0x08008c7c   0x0000003a   Code   RO         5068    i.USBH_PipeAbort    USB_CM3_L.lib(usbh_lib_core.o)
    0x08008cb6   0x00000002   PAD
    0x08008cb8   0x00000104   Code   RO         1301    i.USBH_PipeCreate   usbh_fs_stm32f4xx.o
    0x08008dbc   0x0000006e   Code   RO         5069    i.USBH_PipeCreate   USB_CM3_L.lib(usbh_lib_core.o)
    0x08008e2a   0x00000002   PAD
    0x08008e2c   0x00000050   Code   RO         1302    i.USBH_PipeDelete   usbh_fs_stm32f4xx.o
    0x08008e7c   0x00000032   Code   RO         5070    i.USBH_PipeDelete   USB_CM3_L.lib(usbh_lib_core.o)
    0x08008eae   0x00000002   PAD
    0x08008eb0   0x000000dc   Code   RO         5071    i.USBH_PipeDoPing   USB_CM3_L.lib(usbh_lib_core.o)
    0x08008f8c   0x00000078   Code   RO         1303    i.USBH_PipeModify   usbh_fs_stm32f4xx.o
    0x08009004   0x00000042   Code   RO         5072    i.USBH_PipeModify   USB_CM3_L.lib(usbh_lib_core.o)
    0x08009046   0x00000002   PAD
    0x08009048   0x00000284   Code   RO         5073    i.USBH_PipeReceive  USB_CM3_L.lib(usbh_lib_core.o)
    0x080092cc   0x00000044   Code   RO         1304    i.USBH_PipeReset    usbh_fs_stm32f4xx.o
    0x08009310   0x0000001c   Code   RO         5075    i.USBH_PipeReset    USB_CM3_L.lib(usbh_lib_core.o)
    0x0800932c   0x00000294   Code   RO         5076    i.USBH_PipeSend     USB_CM3_L.lib(usbh_lib_core.o)
    0x080095c0   0x00000150   Code   RO         5078    i.USBH_PipeSendSetup  USB_CM3_L.lib(usbh_lib_core.o)
    0x08009710   0x00000098   Code   RO         1305    i.USBH_PipeTransfer  usbh_fs_stm32f4xx.o
    0x080097a8   0x00000048   Code   RO         1306    i.USBH_PipeTransferAbort  usbh_fs_stm32f4xx.o
    0x080097f0   0x00000020   Code   RO         1307    i.USBH_PipeTransferGetResult  usbh_fs_stm32f4xx.o
    0x08009810   0x00000068   Code   RO         1308    i.USBH_PortGetState  usbh_fs_stm32f4xx.o
    0x08009878   0x00000064   Code   RO         1309    i.USBH_PortReset    usbh_fs_stm32f4xx.o
    0x080098dc   0x00000030   Code   RO         1310    i.USBH_PortResume   usbh_fs_stm32f4xx.o
    0x0800990c   0x00000030   Code   RO         1311    i.USBH_PortSuspend  usbh_fs_stm32f4xx.o
    0x0800993c   0x00000050   Code   RO         1312    i.USBH_PortVbusOnOff  usbh_fs_stm32f4xx.o
    0x0800998c   0x00000002   Code   RO         5079    i.USBH_Port_Notify  USB_CM3_L.lib(usbh_lib_core.o)
    0x0800998e   0x00000008   Code   RO         5080    i.USBH_Port_Notify_Lib  USB_CM3_L.lib(usbh_lib_core.o)
    0x08009996   0x00000002   PAD
    0x08009998   0x00000248   Code   RO         1313    i.USBH_PowerControl  usbh_fs_stm32f4xx.o
    0x08009be0   0x000000b4   Code   RO         5083    i.USBH_PrepareEnumerateDevice  USB_CM3_L.lib(usbh_lib_core.o)
    0x08009c94   0x0000006c   Code   RO         5084    i.USBH_RecoverDevice  USB_CM3_L.lib(usbh_lib_core.o)
    0x08009d00   0x000001d8   Code   RO         5085    i.USBH_RecoveryEnumerateDevice  USB_CM3_L.lib(usbh_lib_core.o)
    0x08009ed8   0x0000001c   Code   RO         5184    i.USBH_SignalPipeEvent  USB_CM3_L.lib(usbh_lib_drv.o)
    0x08009ef4   0x00000060   Code   RO         5185    i.USBH_SignalPortEvent  USB_CM3_L.lib(usbh_lib_drv.o)
    0x08009f54   0x0000001c   Code   RO         1314    i.USBH_Uninitialize  usbh_fs_stm32f4xx.o
    0x08009f70   0x0000010c   Code   RO         5087    i.USBH_UninitializeDevices  USB_CM3_L.lib(usbh_lib_core.o)
    0x0800a07c   0x0000000c   Code   RO         3950    i.USBH_osDelay      usbh_config_0.o
    0x0800a088   0x00000010   Code   RO         3951    i.USBH_osSemaphoreCreate  usbh_config_0.o
    0x0800a098   0x0000000c   Code   RO         3953    i.USBH_osSemaphoreRelease  usbh_config_0.o
    0x0800a0a4   0x00000010   Code   RO         3954    i.USBH_osSemaphoreWait  usbh_config_0.o
    0x0800a0b4   0x00000010   Code   RO         3956    i.USBH_osSignalSet  usbh_config_0.o
    0x0800a0c4   0x00000016   Code   RO         3957    i.USBH_osSignalWait  usbh_config_0.o
    0x0800a0da   0x00000010   Code   RO         3958    i.USBH_osThreadCreate  usbh_config_0.o
    0x0800a0ea   0x00000008   Code   RO         3959    i.USBH_osThreadGetId  usbh_config_0.o
    0x0800a0f2   0x0000000c   Code   RO         3962    i.USBH_osThreadTerminate  usbh_config_0.o
    0x0800a0fe   0x00000014   Code   RO         3964    i.USBH_osTimerCreate  usbh_config_0.o
    0x0800a112   0x0000000c   Code   RO         3965    i.USBH_osTimerDelete  usbh_config_0.o
    0x0800a11e   0x00000010   Code   RO         3966    i.USBH_osTimerStart  usbh_config_0.o
    0x0800a12e   0x00000004   Code   RO          827    i.UsageFault_Handler  stm32f4xx_it.o
    0x0800a132   0x00000002   PAD
    0x0800a134   0x0000001c   Code   RO         1315    i.__NVIC_DisableIRQ  usbh_fs_stm32f4xx.o
    0x0800a150   0x0000001a   Code   RO         1316    i.__NVIC_EnableIRQ  usbh_fs_stm32f4xx.o
    0x0800a16a   0x00000002   PAD
    0x0800a16c   0x00000010   Code   RO         1679    i.__NVIC_GetPriorityGrouping  stm32f4xx_hal_cortex.o
    0x0800a17c   0x00000028   Code   RO         1680    i.__NVIC_SetPriority  stm32f4xx_hal_cortex.o
    0x0800a1a4   0x00000070   Code   RO         4995    i.__sys_close       FS_LFN_CM3_L.lib(fs_sys.o)
    0x0800a214   0x00000064   Code   RO         4997    i.__sys_flen        FS_LFN_CM3_L.lib(fs_sys.o)
    0x0800a278   0x00000090   Code   RO         4998    i.__sys_open        FS_LFN_CM3_L.lib(fs_sys.o)
    0x0800a308   0x00000088   Code   RO         4999    i.__sys_read        FS_LFN_CM3_L.lib(fs_sys.o)
    0x0800a390   0x00000070   Code   RO         5000    i.__sys_seek        FS_LFN_CM3_L.lib(fs_sys.o)
    0x0800a400   0x00000078   Code   RO         5001    i.__sys_write       FS_LFN_CM3_L.lib(fs_sys.o)
    0x0800a478   0x0000002c   Code   RO          954    i.__user_perthread_libspace  rtx_conf_cm.o
    0x0800a4a4   0x00000046   Code   RO         5568    i._init_box         RTX_CM4.lib(rt_membox.o)
    0x0800a4ea   0x00000002   PAD
    0x0800a4ec   0x00000020   Code   RO          955    i._mutex_acquire    rtx_conf_cm.o
    0x0800a50c   0x0000002c   Code   RO          956    i._mutex_initialize  rtx_conf_cm.o
    0x0800a538   0x0000001c   Code   RO          957    i._mutex_release    rtx_conf_cm.o
    0x0800a554   0x0000002a   Code   RO         1439    i._sys_close        retarget_io.o
    0x0800a57e   0x0000002a   Code   RO         1440    i._sys_flen         retarget_io.o
    0x0800a5a8   0x00000024   Code   RO         1441    i._sys_istty        retarget_io.o
    0x0800a5cc   0x0000006c   Code   RO         1442    i._sys_open         retarget_io.o
    0x0800a638   0x0000003e   Code   RO         1443    i._sys_read         retarget_io.o
    0x0800a676   0x00000034   Code   RO         1444    i._sys_seek         retarget_io.o
    0x0800a6aa   0x0000003a   Code   RO         1445    i._sys_write        retarget_io.o
    0x0800a6e4   0x0000006a   Code   RO         5709    i.alloc_clus        FS_LFN_CM3_L.lib(fs_fat.o)
    0x0800a74e   0x0000009a   Code   RO         5710    i.alloc_table_read  FS_LFN_CM3_L.lib(fs_fat.o)
    0x0800a7e8   0x000000dc   Code   RO         5711    i.alloc_table_write  FS_LFN_CM3_L.lib(fs_fat.o)
    0x0800a8c4   0x000000b4   Code   RO         5712    i.bs_read           FS_LFN_CM3_L.lib(fs_fat.o)
    0x0800a978   0x00000096   Code   RO         5714    i.cache_fat         FS_LFN_CM3_L.lib(fs_fat.o)
    0x0800aa0e   0x00000060   Code   RO         5715    i.char_validate     FS_LFN_CM3_L.lib(fs_fat.o)
    0x0800aa6e   0x00000044   Code   RO         5716    i.clear_clus        FS_LFN_CM3_L.lib(fs_fat.o)
    0x0800aab2   0x00000024   Code   RO         5717    i.clus_to_sect      FS_LFN_CM3_L.lib(fs_fat.o)
    0x0800aad6   0x00000002   PAD
    0x0800aad8   0x000000d4   Code   RO         5718    i.create_dot_entries  FS_LFN_CM3_L.lib(fs_fat.o)
    0x0800abac   0x000000e4   Code   RO         5719    i.create_lfn_entry  FS_LFN_CM3_L.lib(fs_fat.o)
    0x0800ac90   0x0000008a   Code   RO         5720    i.create_sfn_entry  FS_LFN_CM3_L.lib(fs_fat.o)
    0x0800ad1a   0x00000008   Code   RO          294    i.cs43l22_DeInit    cs43l22.o
    0x0800ad22   0x00000002   PAD
    0x0800ad24   0x00000104   Code   RO          295    i.cs43l22_Init      cs43l22.o
    0x0800ae28   0x00000020   Code   RO          296    i.cs43l22_Pause     cs43l22.o
    0x0800ae48   0x00000048   Code   RO          297    i.cs43l22_Play      cs43l22.o
    0x0800ae90   0x0000001a   Code   RO          298    i.cs43l22_ReadID    cs43l22.o
    0x0800aeaa   0x00000006   Code   RO          299    i.cs43l22_Reset     cs43l22.o
    0x0800aeb0   0x00000048   Code   RO          300    i.cs43l22_Resume    cs43l22.o
    0x0800aef8   0x00000006   Code   RO          301    i.cs43l22_SetFrequency  cs43l22.o
    0x0800aefe   0x00000002   PAD
    0x0800af00   0x00000060   Code   RO          302    i.cs43l22_SetMute   cs43l22.o
    0x0800af60   0x00000088   Code   RO          303    i.cs43l22_SetOutputMode  cs43l22.o
    0x0800afe8   0x0000006c   Code   RO          304    i.cs43l22_SetVolume  cs43l22.o
    0x0800b054   0x00000038   Code   RO          305    i.cs43l22_Stop      cs43l22.o
    0x0800b08c   0x00000030   Code   RO         5621    i.dbg_init          RTX_CM4.lib(hal_cm.o)
    0x0800b0bc   0x00000020   Code   RO         5622    i.dbg_task_notify   RTX_CM4.lib(hal_cm.o)
    0x0800b0dc   0x00000010   Code   RO         5623    i.dbg_task_switch   RTX_CM4.lib(hal_cm.o)
    0x0800b0ec   0x00000004   Code   RO         3632    i.efs_close         fs_config.o
    0x0800b0f0   0x00000004   Code   RO         3635    i.efs_ffind         fs_config.o
    0x0800b0f4   0x00000006   Code   RO         3636    i.efs_flen          fs_config.o
    0x0800b0fa   0x00000006   Code   RO         3640    i.efs_handle_get    fs_config.o
    0x0800b100   0x00000004   Code   RO         3641    i.efs_init          fs_config.o
    0x0800b104   0x00000004   Code   RO         3642    i.efs_mount         fs_config.o
    0x0800b108   0x00000004   Code   RO         3643    i.efs_open          fs_config.o
    0x0800b10c   0x00000004   Code   RO         3644    i.efs_read          fs_config.o
    0x0800b110   0x00000004   Code   RO         3646    i.efs_seek          fs_config.o
    0x0800b114   0x00000006   Code   RO         3649    i.efs_write         fs_config.o
    0x0800b11a   0x00000004   Code   RO         3650    i.elink_cmd         fs_config.o
    0x0800b11e   0x00000004   Code   RO         3652    i.elink_dir         fs_config.o
    0x0800b122   0x00000004   Code   RO         3653    i.elink_init        fs_config.o
    0x0800b126   0x00000004   Code   RO         3654    i.elink_insert      fs_config.o
    0x0800b12a   0x00000004   Code   RO         3655    i.elink_scan        fs_config.o
    0x0800b12e   0x00000038   Code   RO         5721    i.entry_flush       FS_LFN_CM3_L.lib(fs_fat.o)
    0x0800b166   0x0000001c   Code   RO         5722    i.entry_pos_comp    FS_LFN_CM3_L.lib(fs_fat.o)
    0x0800b182   0x00000060   Code   RO         5723    i.entry_pos_inc     FS_LFN_CM3_L.lib(fs_fat.o)
    0x0800b1e2   0x00000044   Code   RO         5724    i.entry_read        FS_LFN_CM3_L.lib(fs_fat.o)
    0x0800b226   0x0000002e   Code   RO         5725    i.entry_type        FS_LFN_CM3_L.lib(fs_fat.o)
    0x0800b254   0x00000120   Code   RO         5728    i.fat_close         FS_LFN_CM3_L.lib(fs_fat.o)
    0x0800b374   0x00000030   Code   RO         5729    i.fat_crc32         FS_LFN_CM3_L.lib(fs_fat.o)
    0x0800b3a4   0x000000ee   Code   RO         5732    i.fat_ffind         FS_LFN_CM3_L.lib(fs_fat.o)
    0x0800b492   0x00000002   PAD
    0x0800b494   0x00000020   Code   RO         5733    i.fat_flen          FS_LFN_CM3_L.lib(fs_fat.o)
    0x0800b4b4   0x00000040   Code   RO         5737    i.fat_handle_get    FS_LFN_CM3_L.lib(fs_fat.o)
    0x0800b4f4   0x00000040   Code   RO         5738    i.fat_init          FS_LFN_CM3_L.lib(fs_fat.o)
    0x0800b534   0x00000004   Code   RO         3656    i.fat_jour_init     fs_config.o
    0x0800b538   0x000001e4   Code   RO         5742    i.fat_mount         FS_LFN_CM3_L.lib(fs_fat.o)
    0x0800b71c   0x000001c8   Code   RO         5743    i.fat_open          FS_LFN_CM3_L.lib(fs_fat.o)
    0x0800b8e4   0x00000108   Code   RO         5745    i.fat_read          FS_LFN_CM3_L.lib(fs_fat.o)
    0x0800b9ec   0x00000208   Code   RO         5748    i.fat_seek          FS_LFN_CM3_L.lib(fs_fat.o)
    0x0800bbf4   0x00000090   Code   RO         5752    i.fat_vol_chk       FS_LFN_CM3_L.lib(fs_fat.o)
    0x0800bc84   0x00000184   Code   RO         5753    i.fat_write         FS_LFN_CM3_L.lib(fs_fat.o)
    0x0800be08   0x000000e4   Code   RO         4949    i.ffind             FS_LFN_CM3_L.lib(fs_mapi.o)
    0x0800beec   0x00000048   Code   RO         5754    i.file_locked       FS_LFN_CM3_L.lib(fs_fat.o)
    0x0800bf34   0x00000070   Code   RO         4953    i.finit             FS_LFN_CM3_L.lib(fs_mapi.o)
    0x0800bfa4   0x00000054   Code   RO         4956    i.fmount            FS_LFN_CM3_L.lib(fs_mapi.o)
    0x0800bff8   0x0000002c   Code   RO         5756    i.format_date       FS_LFN_CM3_L.lib(fs_fat.o)
    0x0800c024   0x0000002e   Code   RO         5757    i.format_time       FS_LFN_CM3_L.lib(fs_fat.o)
    0x0800c052   0x000000aa   Code   RO         5758    i.frec_allocate     FS_LFN_CM3_L.lib(fs_fat.o)
    0x0800c0fc   0x000001f8   Code   RO         5761    i.frec_find         FS_LFN_CM3_L.lib(fs_fat.o)
    0x0800c2f4   0x0000005a   Code   RO         5762    i.frec_find_elink   FS_LFN_CM3_L.lib(fs_fat.o)
    0x0800c34e   0x00000002   PAD
    0x0800c350   0x000001ac   Code   RO         5763    i.frec_next         FS_LFN_CM3_L.lib(fs_fat.o)
    0x0800c4fc   0x000000a4   Code   RO         4960    i.fs_component_init  FS_LFN_CM3_L.lib(fs_mapi.o)
    0x0800c5a0   0x0000003c   Code   RO         3659    i.fs_config         fs_config.o
    0x0800c5dc   0x00000090   Code   RO         5684    i.fs_drive_id       FS_LFN_CM3_L.lib(fs_common.o)
    0x0800c66c   0x00000006   Code   RO         3660    i.fs_get_rtos_tick_freq  fs_config.o
    0x0800c672   0x0000001a   Code   RO         5951    i.fs_get_time       FS_LFN_CM3_L.lib(fs_time.o)
    0x0800c68c   0x00000012   Code   RO         3663    i.fs_mutex_acquire  fs_config.o
    0x0800c69e   0x00000004   Code   RO         3665    i.fs_mutex_new      fs_config.o
    0x0800c6a2   0x0000000e   Code   RO         3666    i.fs_mutex_release  fs_config.o
    0x0800c6b0   0x00000020   Code   RO         5685    i.fs_set_cdrive     FS_LFN_CM3_L.lib(fs_common.o)
    0x0800c6d0   0x0000004e   Code   RO         5686    i.fs_strmatch       FS_LFN_CM3_L.lib(fs_common.o)
    0x0800c71e   0x00000002   PAD
    0x0800c720   0x00000042   Code   RO         5687    i.fs_strncasecmp    FS_LFN_CM3_L.lib(fs_common.o)
    0x0800c762   0x00000018   Code   RO         5688    i.fs_strpos         FS_LFN_CM3_L.lib(fs_common.o)
    0x0800c77a   0x00000002   PAD
    0x0800c77c   0x0000007c   Code   RO         5764    i.fsinfo_read       FS_LFN_CM3_L.lib(fs_fat.o)
    0x0800c7f8   0x00000060   Code   RO         5765    i.fsinfo_write      FS_LFN_CM3_L.lib(fs_fat.o)
    0x0800c858   0x00000004   Code   RO         3670    i.fsj_write         fs_config.o
    0x0800c85c   0x00000022   Code   RO         5766    i.get_EOC           FS_LFN_CM3_L.lib(fs_fat.o)
    0x0800c87e   0x00000032   Code   RO         5768    i.get_fat_sect      FS_LFN_CM3_L.lib(fs_fat.o)
    0x0800c8b0   0x00000010   Code   RO         5769    i.get_root_clus     FS_LFN_CM3_L.lib(fs_fat.o)
    0x0800c8c0   0x0000000a   Code   RO         5689    i.get_u16           FS_LFN_CM3_L.lib(fs_common.o)
    0x0800c8ca   0x00000016   Code   RO         5690    i.get_u32           FS_LFN_CM3_L.lib(fs_common.o)
    0x0800c8e0   0x0000002a   Code   RO         4171    i.isrMessageGet     RTX_CM4.lib(rt_cmsis.o)
    0x0800c90a   0x0000002c   Code   RO         4172    i.isrMessagePut     RTX_CM4.lib(rt_cmsis.o)
    0x0800c936   0x00000028   Code   RO         4173    i.isrSemaphoreRelease  RTX_CM4.lib(rt_cmsis.o)
    0x0800c95e   0x00000024   Code   RO         4174    i.isrSignalSet      RTX_CM4.lib(rt_cmsis.o)
    0x0800c982   0x00000002   PAD
    0x0800c984   0x00000028   Code   RO         5359    i.isr_evt_set       RTX_CM4.lib(rt_event.o)
    0x0800c9ac   0x00000056   Code   RO         5477    i.isr_mbx_receive   RTX_CM4.lib(rt_mailbox.o)
    0x0800ca02   0x0000000e   Code   RO         5478    i.isr_mbx_send      RTX_CM4.lib(rt_mailbox.o)
    0x0800ca10   0x00000010   Code   RO         5525    i.isr_sem_send      RTX_CM4.lib(rt_semaphore.o)
    0x0800ca20   0x00000020   Code   RO         5780    i.lfn_char_cnt      FS_LFN_CM3_L.lib(fs_fat.o)
    0x0800ca40   0x00000004   Code   RO         5781    i.link_clus         FS_LFN_CM3_L.lib(fs_fat.o)
    0x0800ca44   0x00000028   Code   RO         5782    i.long_ent_hash     FS_LFN_CM3_L.lib(fs_fat.o)
    0x0800ca6c   0x0000001a   Code   RO            7    i.main              main.o
    0x0800ca86   0x000000b0   Code   RO         5784    i.name_analyse      FS_LFN_CM3_L.lib(fs_fat.o)
    0x0800cb36   0x000000b4   Code   RO         5785    i.name_basis_gen    FS_LFN_CM3_L.lib(fs_fat.o)
    0x0800cbea   0x00000008   Code   RO         5786    i.name_hash         FS_LFN_CM3_L.lib(fs_fat.o)
    0x0800cbf2   0x00000002   PAD
    0x0800cbf4   0x00000128   Code   RO         5787    i.name_nt_gen       FS_LFN_CM3_L.lib(fs_fat.o)
    0x0800cd1c   0x00000052   Code   RO         5788    i.name_strip        FS_LFN_CM3_L.lib(fs_fat.o)
    0x0800cd6e   0x00000002   PAD
    0x0800cd70   0x00000018   Code   RO         4175    i.osDelay           RTX_CM4.lib(rt_cmsis.o)
    0x0800cd88   0x00000024   Code   RO         4176    i.osKernelInitialize  RTX_CM4.lib(rt_cmsis.o)
    0x0800cdac   0x0000006c   Code   RO         4178    i.osKernelStart     RTX_CM4.lib(rt_cmsis.o)
    0x0800ce18   0x0000002c   Code   RO         4186    i.osMessageCreate   RTX_CM4.lib(rt_cmsis.o)
    0x0800ce44   0x00000018   Code   RO         4187    i.osMessageGet      RTX_CM4.lib(rt_cmsis.o)
    0x0800ce5c   0x00000018   Code   RO         4188    i.osMessagePut      RTX_CM4.lib(rt_cmsis.o)
    0x0800ce74   0x0000002c   Code   RO         4189    i.osMutexCreate     RTX_CM4.lib(rt_cmsis.o)
    0x0800cea0   0x00000018   Code   RO         4191    i.osMutexRelease    RTX_CM4.lib(rt_cmsis.o)
    0x0800ceb8   0x00000018   Code   RO         4192    i.osMutexWait       RTX_CM4.lib(rt_cmsis.o)
    0x0800ced0   0x0000002c   Code   RO         4197    i.osSemaphoreCreate  RTX_CM4.lib(rt_cmsis.o)
    0x0800cefc   0x00000018   Code   RO         4199    i.osSemaphoreRelease  RTX_CM4.lib(rt_cmsis.o)
    0x0800cf14   0x00000018   Code   RO         4200    i.osSemaphoreWait   RTX_CM4.lib(rt_cmsis.o)
    0x0800cf2c   0x00000018   Code   RO         4202    i.osSignalSet       RTX_CM4.lib(rt_cmsis.o)
    0x0800cf44   0x00000018   Code   RO         4203    i.osSignalWait      RTX_CM4.lib(rt_cmsis.o)
    0x0800cf5c   0x0000002c   Code   RO         4204    i.osThreadCreate    RTX_CM4.lib(rt_cmsis.o)
    0x0800cf88   0x00000018   Code   RO         4205    i.osThreadExit      RTX_CM4.lib(rt_cmsis.o)
    0x0800cfa0   0x00000018   Code   RO         4206    i.osThreadGetId     RTX_CM4.lib(rt_cmsis.o)
    0x0800cfb8   0x00000018   Code   RO         4209    i.osThreadTerminate  RTX_CM4.lib(rt_cmsis.o)
    0x0800cfd0   0x0000000c   Code   RO         4211    i.osTimerCall       RTX_CM4.lib(rt_cmsis.o)
    0x0800cfdc   0x0000002c   Code   RO         4212    i.osTimerCreate     RTX_CM4.lib(rt_cmsis.o)
    0x0800d008   0x00000018   Code   RO         4213    i.osTimerDelete     RTX_CM4.lib(rt_cmsis.o)
    0x0800d020   0x00000018   Code   RO         4214    i.osTimerStart      RTX_CM4.lib(rt_cmsis.o)
    0x0800d038   0x0000002c   Code   RO         4216    i.osTimerThread     RTX_CM4.lib(rt_cmsis.o)
    0x0800d064   0x00000022   Code   RO          958    i.os_error          rtx_conf_cm.o
    0x0800d086   0x00000004   Code   RO          959    i.os_idle_demon     rtx_conf_cm.o
    0x0800d08a   0x00000002   PAD
    0x0800d08c   0x00000028   Code   RO         5269    i.os_tick_init      RTX_CM4.lib(rt_system.o)
    0x0800d0b4   0x00000002   Code   RO         5270    i.os_tick_irqack    RTX_CM4.lib(rt_system.o)
    0x0800d0b6   0x00000220   Code   RO         5789    i.path_create       FS_LFN_CM3_L.lib(fs_fat.o)
    0x0800d2d6   0x00000002   PAD
    0x0800d2d8   0x00000032   Code   RO         5790    i.path_init         FS_LFN_CM3_L.lib(fs_fat.o)
    0x0800d30a   0x000000a6   Code   RO         5791    i.path_open         FS_LFN_CM3_L.lib(fs_fat.o)
    0x0800d3b0   0x0000003c   Code   RO         5792    i.path_validate     FS_LFN_CM3_L.lib(fs_fat.o)
    0x0800d3ec   0x0000007a   Code   RO         5793    i.read_cache        FS_LFN_CM3_L.lib(fs_fat.o)
    0x0800d466   0x00000052   Code   RO         5794    i.read_sector       FS_LFN_CM3_L.lib(fs_fat.o)
    0x0800d4b8   0x0000001a   Code   RO         5569    i.rt_alloc_box      RTX_CM4.lib(rt_membox.o)
    0x0800d4d2   0x0000003e   Code   RO         5597    i.rt_alloc_mem      RTX_CM4.lib(rt_memory.o)
    0x0800d510   0x00000038   Code   RO         4790    i.rt_block          RTX_CM4.lib(rt_task.o)
    0x0800d548   0x00000002   Code   RO          960    i.rt_chk_robin      rtx_conf_cm.o
    0x0800d54a   0x00000002   PAD
    0x0800d54c   0x00000070   Code   RO         5401    i.rt_dec_dly        RTX_CM4.lib(rt_list.o)
    0x0800d5bc   0x00000044   Code   RO         4791    i.rt_dispatch       RTX_CM4.lib(rt_task.o)
    0x0800d600   0x00000006   Code   RO         4874    i.rt_dly_wait       RTX_CM4.lib(rt_time.o)
    0x0800d606   0x00000002   PAD
    0x0800d608   0x00000050   Code   RO         5362    i.rt_evt_psh        RTX_CM4.lib(rt_event.o)
    0x0800d658   0x0000005c   Code   RO         5363    i.rt_evt_set        RTX_CM4.lib(rt_event.o)
    0x0800d6b4   0x0000003c   Code   RO         5364    i.rt_evt_wait       RTX_CM4.lib(rt_event.o)
    0x0800d6f0   0x0000002c   Code   RO         5570    i.rt_free_box       RTX_CM4.lib(rt_membox.o)
    0x0800d71c   0x00000028   Code   RO         5598    i.rt_free_mem       RTX_CM4.lib(rt_memory.o)
    0x0800d744   0x00000028   Code   RO         5402    i.rt_get_first      RTX_CM4.lib(rt_list.o)
    0x0800d76c   0x00000008   Code   RO         4221    i.rt_id2obj         RTX_CM4.lib(rt_cmsis.o)
    0x0800d774   0x00000048   Code   RO         4792    i.rt_init_context   RTX_CM4.lib(rt_task.o)
    0x0800d7bc   0x0000001a   Code   RO         5599    i.rt_init_mem       RTX_CM4.lib(rt_memory.o)
    0x0800d7d6   0x00000002   Code   RO          961    i.rt_init_robin     rtx_conf_cm.o
    0x0800d7d8   0x00000080   Code   RO         5624    i.rt_init_stack     RTX_CM4.lib(hal_cm.o)
    0x0800d858   0x00000008   Code   RO         5479    i.rt_mbx_check      RTX_CM4.lib(rt_mailbox.o)
    0x0800d860   0x0000001a   Code   RO         5480    i.rt_mbx_init       RTX_CM4.lib(rt_mailbox.o)
    0x0800d87a   0x00000002   PAD
    0x0800d87c   0x000000f0   Code   RO         5481    i.rt_mbx_psh        RTX_CM4.lib(rt_mailbox.o)
    0x0800d96c   0x00000098   Code   RO         5482    i.rt_mbx_send       RTX_CM4.lib(rt_mailbox.o)
    0x0800da04   0x000000b4   Code   RO         5483    i.rt_mbx_wait       RTX_CM4.lib(rt_mailbox.o)
    0x0800dab8   0x00000044   Code   RO         4222    i.rt_ms2tick        RTX_CM4.lib(rt_cmsis.o)
    0x0800dafc   0x00000010   Code   RO         4908    i.rt_mut_init       RTX_CM4.lib(rt_mutex.o)
    0x0800db0c   0x000000d8   Code   RO         4909    i.rt_mut_release    RTX_CM4.lib(rt_mutex.o)
    0x0800dbe4   0x00000078   Code   RO         4910    i.rt_mut_wait       RTX_CM4.lib(rt_mutex.o)
    0x0800dc5c   0x0000007c   Code   RO         5273    i.rt_pop_req        RTX_CM4.lib(rt_system.o)
    0x0800dcd8   0x00000020   Code   RO         5274    i.rt_psh_req        RTX_CM4.lib(rt_system.o)
    0x0800dcf8   0x0000005c   Code   RO         5404    i.rt_psq_enq        RTX_CM4.lib(rt_list.o)
    0x0800dd54   0x00000048   Code   RO         5405    i.rt_put_dly        RTX_CM4.lib(rt_list.o)
    0x0800dd9c   0x00000036   Code   RO         5406    i.rt_put_prio       RTX_CM4.lib(rt_list.o)
    0x0800ddd2   0x00000002   PAD
    0x0800ddd4   0x00000014   Code   RO         5407    i.rt_put_rdy_first  RTX_CM4.lib(rt_list.o)
    0x0800dde8   0x00000034   Code   RO         5408    i.rt_resort_prio    RTX_CM4.lib(rt_list.o)
    0x0800de1c   0x00000010   Code   RO         5625    i.rt_ret_regs       RTX_CM4.lib(hal_cm.o)
    0x0800de2c   0x0000000c   Code   RO         5626    i.rt_ret_val        RTX_CM4.lib(hal_cm.o)
    0x0800de38   0x00000010   Code   RO         5627    i.rt_ret_val2       RTX_CM4.lib(hal_cm.o)
    0x0800de48   0x00000028   Code   RO         5409    i.rt_rmv_dly        RTX_CM4.lib(rt_list.o)
    0x0800de70   0x00000030   Code   RO         5410    i.rt_rmv_list       RTX_CM4.lib(rt_list.o)
    0x0800dea0   0x0000000c   Code   RO         5527    i.rt_sem_init       RTX_CM4.lib(rt_semaphore.o)
    0x0800deac   0x00000034   Code   RO         5528    i.rt_sem_psh        RTX_CM4.lib(rt_semaphore.o)
    0x0800dee0   0x0000002a   Code   RO         5529    i.rt_sem_send       RTX_CM4.lib(rt_semaphore.o)
    0x0800df0a   0x00000002   PAD
    0x0800df0c   0x00000040   Code   RO         5530    i.rt_sem_wait       RTX_CM4.lib(rt_semaphore.o)
    0x0800df4c   0x00000024   Code   RO         5276    i.rt_stk_check      RTX_CM4.lib(rt_system.o)
    0x0800df70   0x00000028   Code   RO         4793    i.rt_switch_req     RTX_CM4.lib(rt_task.o)
    0x0800df98   0x000000cc   Code   RO         4794    i.rt_sys_init       RTX_CM4.lib(rt_task.o)
    0x0800e064   0x00000078   Code   RO         4795    i.rt_sys_start      RTX_CM4.lib(rt_task.o)
    0x0800e0dc   0x00000040   Code   RO         5278    i.rt_systick        RTX_CM4.lib(rt_system.o)
    0x0800e11c   0x00000012   Code   RO         4223    i.rt_tid2ptcb       RTX_CM4.lib(rt_cmsis.o)
    0x0800e12e   0x00000002   PAD
    0x0800e130   0x00000034   Code   RO         4224    i.rt_timer_insert   RTX_CM4.lib(rt_cmsis.o)
    0x0800e164   0x0000003c   Code   RO         4225    i.rt_timer_remove   RTX_CM4.lib(rt_cmsis.o)
    0x0800e1a0   0x00000088   Code   RO         4796    i.rt_tsk_create     RTX_CM4.lib(rt_task.o)
    0x0800e228   0x0000017c   Code   RO         4797    i.rt_tsk_delete     RTX_CM4.lib(rt_task.o)
    0x0800e3a4   0x0000007c   Code   RO         4799    i.rt_tsk_prio       RTX_CM4.lib(rt_task.o)
    0x0800e420   0x00000010   Code   RO         4800    i.rt_tsk_self       RTX_CM4.lib(rt_task.o)
    0x0800e430   0x00000008   Code   RO         5691    i.set_u16           FS_LFN_CM3_L.lib(fs_common.o)
    0x0800e438   0x00000010   Code   RO         5692    i.set_u32           FS_LFN_CM3_L.lib(fs_common.o)
    0x0800e448   0x00000048   Code   RO         5795    i.sfn_extract       FS_LFN_CM3_L.lib(fs_fat.o)
    0x0800e490   0x0000001a   Code   RO         5796    i.short_ent_hash    FS_LFN_CM3_L.lib(fs_fat.o)
    0x0800e4aa   0x0000001e   Code   RO         5797    i.sn_chksum         FS_LFN_CM3_L.lib(fs_fat.o)
    0x0800e4c8   0x00000012   Code   RO         4226    i.svcDelay          RTX_CM4.lib(rt_cmsis.o)
    0x0800e4da   0x00000002   PAD
    0x0800e4dc   0x00000070   Code   RO         4227    i.svcKernelInitialize  RTX_CM4.lib(rt_cmsis.o)
    0x0800e54c   0x00000048   Code   RO         4229    i.svcKernelStart    RTX_CM4.lib(rt_cmsis.o)
    0x0800e594   0x00000024   Code   RO         4232    i.svcMessageCreate  RTX_CM4.lib(rt_cmsis.o)
    0x0800e5b8   0x0000003a   Code   RO         4233    i.svcMessageGet     RTX_CM4.lib(rt_cmsis.o)
    0x0800e5f2   0x00000036   Code   RO         4234    i.svcMessagePut     RTX_CM4.lib(rt_cmsis.o)
    0x0800e628   0x0000001c   Code   RO         4235    i.svcMutexCreate    RTX_CM4.lib(rt_cmsis.o)
    0x0800e644   0x00000022   Code   RO         4237    i.svcMutexRelease   RTX_CM4.lib(rt_cmsis.o)
    0x0800e666   0x0000003a   Code   RO         4238    i.svcMutexWait      RTX_CM4.lib(rt_cmsis.o)
    0x0800e6a0   0x00000024   Code   RO         4240    i.svcSemaphoreCreate  RTX_CM4.lib(rt_cmsis.o)
    0x0800e6c4   0x00000028   Code   RO         4242    i.svcSemaphoreRelease  RTX_CM4.lib(rt_cmsis.o)
    0x0800e6ec   0x00000032   Code   RO         4243    i.svcSemaphoreWait  RTX_CM4.lib(rt_cmsis.o)
    0x0800e71e   0x00000024   Code   RO         4245    i.svcSignalSet      RTX_CM4.lib(rt_cmsis.o)
    0x0800e742   0x00000002   PAD
    0x0800e744   0x00000054   Code   RO         4246    i.svcSignalWait     RTX_CM4.lib(rt_cmsis.o)
    0x0800e798   0x0000006c   Code   RO         4247    i.svcThreadCreate   RTX_CM4.lib(rt_cmsis.o)
    0x0800e804   0x0000001c   Code   RO         4248    i.svcThreadGetId    RTX_CM4.lib(rt_cmsis.o)
    0x0800e820   0x00000038   Code   RO         4251    i.svcThreadTerminate  RTX_CM4.lib(rt_cmsis.o)
    0x0800e858   0x00000018   Code   RO         4253    i.svcTimerCall      RTX_CM4.lib(rt_cmsis.o)
    0x0800e870   0x00000038   Code   RO         4254    i.svcTimerCreate    RTX_CM4.lib(rt_cmsis.o)
    0x0800e8a8   0x00000028   Code   RO         4255    i.svcTimerDelete    RTX_CM4.lib(rt_cmsis.o)
    0x0800e8d0   0x00000064   Code   RO         4256    i.svcTimerStart     RTX_CM4.lib(rt_cmsis.o)
    0x0800e934   0x0000005c   Code   RO         4262    i.sysTimerTick      RTX_CM4.lib(rt_cmsis.o)
    0x0800e990   0x00000060   Code   RO         5799    i.unlink_clus       FS_LFN_CM3_L.lib(fs_fat.o)
    0x0800e9f0   0x0000000a   Code   RO         3671    i.usb0_DevCtrl      fs_config.o
    0x0800e9fa   0x00000008   Code   RO         3672    i.usb0_Init         fs_config.o
    0x0800ea02   0x00000008   Code   RO         3673    i.usb0_RdInfo       fs_config.o
    0x0800ea0a   0x0000000a   Code   RO         3674    i.usb0_RdSect       fs_config.o
    0x0800ea14   0x00000008   Code   RO         3675    i.usb0_UnInit       fs_config.o
    0x0800ea1c   0x0000000a   Code   RO         3676    i.usb0_WrSect       fs_config.o
    0x0800ea26   0x000000ae   Code   RO         5800    i.write_cache       FS_LFN_CM3_L.lib(fs_fat.o)
    0x0800ead4   0x00000030   Code   RO         5801    i.write_sector      FS_LFN_CM3_L.lib(fs_fat.o)
    0x0800eb04   0x0000002c   Code   RO         6378    locale$$code        c_w.l(lc_ctype_c.o)
    0x0800eb30   0x0000000a   Code   RO         6421    x$fpl$fpinit        fz_wm.l(fpinit.o)
    0x0800eb3a   0x00000002   PAD
    0x0800eb3c   0x00000050   Data   RO          183    .constdata          thread.o
    0x0800eb8c   0x00000060   Data   RO          577    .constdata          stm32f4_discovery_audio.o
    0x0800ebec   0x00000010   Data   RO          767    .constdata          uart_driver.o
    0x0800ebfc   0x00000020   Data   RO          906    .constdata          led_f4discovery.o
    0x0800ec1c   0x00000068   Data   RO          963    .constdata          rtx_conf_cm.o
    0x0800ec84   0x00000088   Data   RO         1129    .constdata          usart_stm32f4xx.o
    0x0800ed0c   0x00000050   Data   RO         1318    .constdata          usbh_fs_stm32f4xx.o
    0x0800ed5c   0x00000017   Data   RO         1446    .constdata          retarget_io.o
    0x0800ed73   0x00000008   Data   RO         1806    .constdata          stm32f4xx_hal_dma.o
    0x0800ed7b   0x00000010   Data   RO         2895    .constdata          stm32f4xx_hal_rcc.o
    0x0800ed8b   0x00000001   PAD
    0x0800ed8c   0x00000028   Data   RO         3678    .constdata          fs_config.o
    0x0800edb4   0x00000084   Data   RO         3969    .constdata          usbh_config_0.o
    0x0800ee38   0x000004ac   Data   RO         5802    .constdata          FS_LFN_CM3_L.lib(fs_fat.o)
    0x0800f2e4   0x00000020   Data   RO         6468    Region$$Table       anon$$obj.o
    0x0800f304   0x00000110   Data   RO         6377    locale$$data        c_w.l(lc_ctype_c.o)


    Execution Region RW_IRAM1 (Base: 0x20000000, Size: 0x0001d4d8, Max: 0x00020000, ABSOLUTE, COMPRESSED[0x00000064])

    Base Addr    Size         Type   Attr      Idx    E Section Name        Object

    0x20000000   0x00000037   Data   RW          184    .data               thread.o
    0x20000037   0x00000001   PAD
    0x20000038   0x00000032   Data   RW          306    .data               cs43l22.o
    0x2000006a   0x00000002   PAD
    0x2000006c   0x0000001c   Data   RW          411    .data               stm32f4_discovery.o
    0x20000088   0x00000006   Data   RW          578    .data               stm32f4_discovery_audio.o
    0x2000008e   0x00000002   PAD
    0x20000090   0x00000030   Data   RW          768    .data               uart_driver.o
    0x200000c0   0x00000014   Data   RW          964    .data               rtx_conf_cm.o
    0x200000d4   0x00000001   Data   RW         1032    .data               otg_fs_stm32f4xx.o
    0x200000d5   0x00000003   PAD
    0x200000d8   0x0000002b   Data   RW         1319    .data               usbh_fs_stm32f4xx.o
    0x20000103   0x00000001   PAD
    0x20000104   0x00000004   Data   RW         3597    .data               system_stm32f4xx.o
    0x20000108   0x00000004   Data   RW         3679    .data               fs_config.o
    0x2000010c   0x00000030   Data   RW         3970    .data               usbh_config_0.o
    0x2000013c   0x00000008   Data   RW         4265    .data               RTX_CM4.lib(rt_cmsis.o)
    0x20000144   0x00000008   Data   RW         4802    .data               RTX_CM4.lib(rt_task.o)
    0x2000014c   0x00000004   Data   RW         4878    .data               RTX_CM4.lib(rt_time.o)
    0x20000150   0x00000001   Data   RW         4964    .data               FS_LFN_CM3_L.lib(fs_mapi.o)
    0x20000151   0x00000003   PAD
    0x20000154   0x00000008   Data   RW         5281    .data               RTX_CM4.lib(rt_system.o)
    0x2000015c   0x00000001   Data   RW         5628    .data               RTX_CM4.lib(hal_cm.o)
    0x2000015d   0x00000001   Data   RW         5693    .data               FS_LFN_CM3_L.lib(fs_common.o)
    0x2000015e   0x00000002   PAD
    0x20000160   0x00000004   Data   RW         6145    .data               c_w.l(streamlock.o)
    0x20000164   0x00000004   Data   RW         6149    .data               c_w.l(stdio_streams.o)
    0x20000168   0x00000004   Data   RW         6150    .data               c_w.l(stdio_streams.o)
    0x2000016c   0x00000004   Data   RW         6151    .data               c_w.l(stdio_streams.o)
    0x20000170   0x0000207c   Zero   RW          182    .bss                thread.o
    0x200021ec   0x000000ac   Zero   RW          409    .bss                stm32f4_discovery.o
    0x20002298   0x0000017c   Zero   RW          576    .bss                stm32f4_discovery_audio.o
    0x20002414   0x00000004   PAD
    0x20002418   0x00006550   Zero   RW          962    .bss                rtx_conf_cm.o
    0x20008968   0x00000038   Zero   RW         1128    .bss                usart_stm32f4xx.o
    0x200089a0   0x00000100   Zero   RW         1317    .bss                usbh_fs_stm32f4xx.o
    0x20008aa0   0x00001540   Zero   RW         3677    .bss                fs_config.o
    0x20009fe0   0x00000338   Zero   RW         3968    .bss                usbh_config_0.o
    0x2000a318   0x00000034   Zero   RW         4801    .bss                RTX_CM4.lib(rt_task.o)
    0x2000a34c   0x00000030   Zero   RW         5411    .bss                RTX_CM4.lib(rt_list.o)
    0x2000a37c   0x00000060   Zero   RW         5962    .bss                c_w.l(libspace.o)
    0x2000a3dc   0x00000054   Zero   RW         6146    .bss                c_w.l(stdio_streams.o)
    0x2000a430   0x00000054   Zero   RW         6147    .bss                c_w.l(stdio_streams.o)
    0x2000a484   0x00000054   Zero   RW         6148    .bss                c_w.l(stdio_streams.o)
    0x2000a4d8   0x0000b000   Zero   RW         3585    HEAP                startup_stm32f407xx.o
    0x200154d8   0x00008000   Zero   RW         3584    STACK               startup_stm32f407xx.o


==============================================================================

Image component sizes


      Code (inc. data)   RO Data    RW Data    ZI Data      Debug   Object Name

       906         26          0         50          0       9621   cs43l22.o
       230          8         40          4       5440      28465   fs_config.o
       140         16         32          0          0       2900   led_f4discovery.o
       234         18          0          0          0     666745   main.o
       846         94          0          1          0      45798   otg_fs_stm32f4xx.o
       400         24         23          0          0       6342   retarget_io.o
       218         48        104         20      25936      12254   rtx_conf_cm.o
        64         26        392          0      77824        928   startup_stm32f407xx.o
       526         52          0         28        172       7055   stm32f4_discovery.o
       898        112         96          6        380       9438   stm32f4_discovery_audio.o
       140         14          0          0          0       4447   stm32f4xx_hal.o
       340         28          0          0          0      35001   stm32f4xx_hal_cortex.o
      1524         20          8          0          0       7552   stm32f4xx_hal_dma.o
       926         90          0          0          0       5505   stm32f4xx_hal_gpio.o
      2762         42          0          0          0      14584   stm32f4xx_hal_i2c.o
       278         12          0          0          0       4007   stm32f4xx_hal_i2s.o
       916         48          0          0          0       3999   stm32f4xx_hal_i2s_ex.o
      1800         72         16          0          0       5456   stm32f4xx_hal_rcc.o
       512         24          0          0          0       2199   stm32f4xx_hal_rcc_ex.o
        72          8          0          0          0       5263   stm32f4xx_it.o
       100         18          0          4          0       1421   system_stm32f4xx.o
      1378        198         80         55       8316      27900   thread.o
       488         90         16         48          0       5197   uart_driver.o
      5580        224        136          0         56      57929   usart_stm32f4xx.o
       286          0        132         48        824      31863   usbh_config_0.o
      3636        268         80         43        256      50470   usbh_fs_stm32f4xx.o

    ----------------------------------------------------------------------
     25230       1580       1188        316     119208    1052339   Object Totals
         0          0         32          0          0          0   (incl. Generated)
        30          0          1          9          4          0   (incl. Padding)

    ----------------------------------------------------------------------

      Code (inc. data)   RO Data    RW Data    ZI Data      Debug   Library Member Name

       400         22          0          1          0        672   fs_common.o
      8834        148       1196          0          0       4900   fs_fat.o
       588         54          0          1          0        332   fs_mapi.o
       724         54          0          0          0        500   fs_sys.o
        26          0          0          0          0         68   fs_time.o
       268         24          0          1          0       4524   hal_cm.o
       408         34          0          0          0        824   hal_cm4.o
      2344        256          0          8          0      56872   rt_cmsis.o
       272         18          0          0          0       2842   rt_event.o
       530         34          0          0         48       8685   rt_list.o
       706         14          0          0          0       5123   rt_mailbox.o
       140          0          0          0          0       2069   rt_membox.o
       128          0          0          0          0       2451   rt_memory.o
       352         14          0          0          0       2249   rt_mutex.o
       186         10          0          0          0       3142   rt_semaphore.o
       298         52          0          8          0       6511   rt_system.o
      1216        174          0          8         52      10129   rt_task.o
         6          0          0          4          0        700   rt_time.o
         4          4          0          0          0        208   svc_table.o
      7198        288          0          0          0       3172   usbh_lib_core.o
      1476        150          0          0          0       1516   usbh_lib_drv.o
       252         32          0          0          0        368   usbh_lib_mem.o
      3406        144          0          0          0       2012   usbh_lib_msc.o
        90          0          0          0          0          0   __dczerorl2.o
         8          0          0          0          0         68   __main.o
         0          0          0          0          0          0   __rtentry.o
        20          0          0          0          0          0   __rtentry2.o
         6          0          0          0          0          0   __rtentry4.o
        52          8          0          0          0          0   __scatter.o
        28          0          0          0          0          0   __scatter_zi.o
        10          0          0          0          0         68   defsig_exit.o
        50          0          0          0          0         88   defsig_general.o
        80         58          0          0          0         76   defsig_rtmem_inner.o
        14          0          0          0          0         80   defsig_rtmem_outer.o
        52         38          0          0          0         76   defsig_rtred_inner.o
        14          0          0          0          0         80   defsig_rtred_outer.o
        18          0          0          0          0         80   exit.o
        76          0          0          0          0         88   fclose.o
        52          6          0          0          0         80   fclose_locked.o
       144         10          0          0          0        128   fflush_locked.o
       570          0          0          0          0        132   filbuf.o
        92          8          0          0          0         88   flushlinebuffered_locked.o
       324          8          0          0          0        152   fopen_locked.o
       306          0          0          0          0         96   freadfast_locked.o
       248          6          0          0          0         84   fseek.o
        66          0          0          0          0         76   ftell.o
       158          0          0          0          0        128   h1_alloc_mt.o
        62          0          0          0          0         80   h1_extend_mt.o
       118          0          0          0          0        108   h1_free_mt.o
        18          0          0          0          0         84   h1_init_mt.o
         6          0          0          0          0        152   heapauxi.o
         4          0          0          0          0        136   hguard.o
         0          0          0          0          0          0   indicate_semi.o
       138          0          0          0          0        168   init_alloc.o
       456         48          0          0          0        116   initio_locked.o
        44         10        272          0          0         76   lc_ctype_c.o
         2          0          0          0          0          0   libinit.o
        36          0          0          0          0          0   libinit2.o
         2          0          0          0          0          0   libshutdown.o
         6          0          0          0          0          0   libshutdown2.o
         8          4          0          0         96         68   libspace.o
       238          0          0          0          0        100   lludivv7m.o
         0          0          0          0          0          0   maybetermalloc1.o
        16          4          0          0          0         76   rt_ctype_table.o
         4          0          0          0          0         68   rt_errno_addr_twolibspace.o
        10          0          0          0          0         76   rt_heap_descriptor_twolibspace.o
        10          0          0          0          0         76   rt_locale_twolibspace.o
        68          0          0          0          0         68   rt_memclr.o
        78          0          0          0          0         80   rt_memclr_w.o
       138          0          0          0          0         68   rt_memcpy_v6.o
       100          0          0          0          0         80   rt_memcpy_w.o
         2          0          0          0          0          0   rtexit.o
        10          0          0          0          0          0   rtexit2.o
       104          0          0          0          0         88   setvbuf_locked.o
       240          6          0          0          0        156   stdio.o
         0          0          0         12        252          0   stdio_streams.o
       128          0          0          0          0         68   strcmpv7m.o
         0          0          0          4          0          0   streamlock.o
        62          0          0          0          0         76   strlen.o
        50          0          0          0          0         84   strncasecmp.o
        12          4          0          0          0         68   sys_exit.o
        74          0          0          0          0         80   sys_stackheap_outer.o
        14          0          0          0          0         76   sys_wrch.o
        26          0          0          0          0         76   tolower.o
         2          0          0          0          0         68   use_no_semi.o
        10          0          0          0          0        116   fpinit.o

    ----------------------------------------------------------------------
     34598       1744       1468         52        448     124173   Library Totals
        62          0          0          5          0          0   (incl. Padding)

    ----------------------------------------------------------------------

      Code (inc. data)   RO Data    RW Data    ZI Data      Debug   Library Name

     10572        278       1196          2          0       6472   FS_LFN_CM3_L.lib
      6858        634          0         29        100     106329   RTX_CM4.lib
     12332        614          0          0          0       7068   USB_CM3_L.lib
      4764        218        272         16        348       4188   c_w.l
        10          0          0          0          0        116   fz_wm.l

    ----------------------------------------------------------------------
     34598       1744       1468         52        448     124173   Library Totals

    ----------------------------------------------------------------------

==============================================================================


      Code (inc. data)   RO Data    RW Data    ZI Data      Debug   

     59828       3324       2656        368     119656    1130504   Grand Totals
     59828       3324       2656        100     119656    1130504   ELF Image Totals (compressed)
     59828       3324       2656        100          0          0   ROM Totals

==============================================================================

    Total RO  Size (Code + RO Data)                62484 (  61.02kB)
    Total RW  Size (RW Data + ZI Data)            120024 ( 117.21kB)
    Total ROM Size (Code + RO Data + RW Data)      62584 (  61.12kB)

==============================================================================

